Archive member included because of file (symbol)

/usr/local/bin/../lib/gcc/msp430/4.7.4/mmpy-16/libgcc.a(_mulsi3.o)
                              build/sky/obj/cfs-coffee.o (__mulsi3)
/usr/local/bin/../lib/gcc/msp430/4.7.4/mmpy-16/libgcc.a(_udivmod16.o)
                              build/sky/obj/cfs-coffee.o (__udivhi3)
/usr/local/bin/../lib/gcc/msp430/4.7.4/mmpy-16/libgcc.a(_divmod16.o)
                              build/sky/obj/link-stats.o (__divhi3)
/usr/local/bin/../lib/gcc/msp430/4.7.4/mmpy-16/libgcc.a(_udivmod32.o)
                              build/sky/obj/ifft.o (__udivsi3)
/usr/local/bin/../lib/gcc/msp430/4.7.4/mmpy-16/libgcc.a(_divmod32.o)
                              build/sky/obj/cfs-coffee.o (__divsi3)
/usr/local/bin/../lib/gcc/msp430/4.7.4/mmpy-16/libgcc.a(_addsub_sf.o)
                              build/sky/obj/dconcrect-client.o (__addsf3)
/usr/local/bin/../lib/gcc/msp430/4.7.4/mmpy-16/libgcc.a(_mul_sf.o)
                              build/sky/obj/dconcrect-client.o (__mulsf3)
/usr/local/bin/../lib/gcc/msp430/4.7.4/mmpy-16/libgcc.a(_gt_sf.o)
                              build/sky/obj/dconcrect-client.o (__gtsf2)
/usr/local/bin/../lib/gcc/msp430/4.7.4/mmpy-16/libgcc.a(_si_to_sf.o)
                              build/sky/obj/dconcrect-client.o (__floatsisf)
/usr/local/bin/../lib/gcc/msp430/4.7.4/mmpy-16/libgcc.a(_thenan_sf.o)
                              /usr/local/bin/../lib/gcc/msp430/4.7.4/mmpy-16/libgcc.a(_addsub_sf.o) (__thenan_sf)
/usr/local/bin/../lib/gcc/msp430/4.7.4/mmpy-16/libgcc.a(_clzsi2.o)
                              /usr/local/bin/../lib/gcc/msp430/4.7.4/mmpy-16/libgcc.a(_si_to_sf.o) (__clzsi2)
/usr/local/bin/../lib/gcc/msp430/4.7.4/mmpy-16/libgcc.a(_pack_sf.o)
                              /usr/local/bin/../lib/gcc/msp430/4.7.4/mmpy-16/libgcc.a(_addsub_sf.o) (__pack_f)
/usr/local/bin/../lib/gcc/msp430/4.7.4/mmpy-16/libgcc.a(_unpack_sf.o)
                              /usr/local/bin/../lib/gcc/msp430/4.7.4/mmpy-16/libgcc.a(_addsub_sf.o) (__unpack_f)
/usr/local/bin/../lib/gcc/msp430/4.7.4/mmpy-16/libgcc.a(_fpcmp_parts_sf.o)
                              /usr/local/bin/../lib/gcc/msp430/4.7.4/mmpy-16/libgcc.a(_gt_sf.o) (__fpcmp_parts_f)
/usr/local/bin/../lib/gcc/msp430/4.7.4/mmpy-16/libgcc.a(_clz.o)
                              /usr/local/bin/../lib/gcc/msp430/4.7.4/mmpy-16/libgcc.a(_clzsi2.o) (__clz_tab)
/usr/local/bin/../lib/gcc/msp430/4.7.4/../../../../msp430/lib/mmpy-16/libc.a(atoi.o)
                              build/sky/obj/dconcrect-client.o (atoi)
/usr/local/bin/../lib/gcc/msp430/4.7.4/../../../../msp430/lib/mmpy-16/libc.a(printf.o)
                              build/sky/obj/assert.o (printf)
/usr/local/bin/../lib/gcc/msp430/4.7.4/../../../../msp430/lib/mmpy-16/libc.a(sprintf.o)
                              build/sky/obj/dconcrect-client.o (snprintf)
/usr/local/bin/../lib/gcc/msp430/4.7.4/../../../../msp430/lib/mmpy-16/libc.a(vuprintf.o)
                              /usr/local/bin/../lib/gcc/msp430/4.7.4/../../../../msp430/lib/mmpy-16/libc.a(printf.o) (vuprintf)
/usr/local/bin/../lib/gcc/msp430/4.7.4/../../../../msp430/lib/mmpy-16/libc.a(puts.o)
                              build/sky/obj/assert.o (puts)
/usr/local/bin/../lib/gcc/msp430/4.7.4/../../../../msp430/lib/mmpy-16/libc.a(strcmp.o)
                              build/sky/obj/cfs-coffee.o (strcmp)
/usr/local/bin/../lib/gcc/msp430/4.7.4/../../../../msp430/lib/mmpy-16/libc.a(strncmp.o)
                              build/sky/obj/sensors.o (strncmp)
/usr/local/bin/../lib/gcc/msp430/4.7.4/../../../../msp430/lib/mmpy-16/libc.a(memcmp.o)
                              build/sky/obj/ip64-addr.o (memcmp)
/usr/local/bin/../lib/gcc/msp430/4.7.4/../../../../msp430/lib/mmpy-16/libc.a(strncpy.o)
                              build/sky/obj/cfs-coffee.o (strncpy)
/usr/local/bin/../lib/gcc/msp430/4.7.4/../../../../msp430/lib/mmpy-16/libc.a(memcpy.o)
                              build/sky/obj/aes-128.o (memcpy)
/usr/local/bin/../lib/gcc/msp430/4.7.4/../../../../msp430/lib/mmpy-16/libc.a(memmove.o)
                              build/sky/obj/cbor.o (memmove)
/usr/local/bin/../lib/gcc/msp430/4.7.4/../../../../msp430/lib/mmpy-16/libc.a(memset.o)
                              build/sky/obj/cfs-coffee.o (memset)
/usr/local/bin/../lib/gcc/msp430/4.7.4/mmpy-16/libgcc.a(_udivmod64.o)
                              /usr/local/bin/../lib/gcc/msp430/4.7.4/../../../../msp430/lib/mmpy-16/libc.a(vuprintf.o) (__udivdi3)
/usr/local/bin/../lib/gcc/msp430/4.7.4/mmpy-16/libcrt0.a(_reset_vector__.o)
                              (_reset_vector__)
/usr/local/bin/../lib/gcc/msp430/4.7.4/mmpy-16/libcrt0.a(__watchdog_support.o)
                              /usr/local/bin/../lib/gcc/msp430/4.7.4/mmpy-16/libcrt0.a(_reset_vector__.o) (__watchdog_support)
/usr/local/bin/../lib/gcc/msp430/4.7.4/mmpy-16/libcrt0.a(__init_stack.o)
[...]
Memory Configuration

Name             Origin             Length             Attributes
sfr              0x0000000000000000 0x0000000000000010
peripheral_8bit  0x0000000000000010 0x00000000000000f0
peripheral_16bit 0x0000000000000100 0x0000000000000100
ram_mirror       0x0000000000000200 0x0000000000000800 xw
infomem          0x0000000000001000 0x0000000000000100
infob            0x0000000000001000 0x0000000000000080
infoa            0x0000000000001080 0x0000000000000080
ram              0x0000000000001100 0x0000000000002800 xw
rom              0x0000000000004000 0x000000000000bfe0 xr
vectors          0x000000000000ffe0 0x0000000000000020
bsl              0x0000000000000000 0x0000000000000000
infoc            0x0000000000000000 0x0000000000000000
infod            0x0000000000000000 0x0000000000000000
ram2             0x0000000000000000 0x0000000000000000 xw
usbram           0x0000000000000000 0x0000000000000000 xw
far_rom          0x0000000000000000 0x0000000000000000
*default*        0x0000000000000000 0xffffffffffffffff

Linker script and memory map

LOAD /usr/local/bin/../lib/gcc/msp430/4.7.4/mmpy-16/crt0ivtbl16.o
                0x0000000000002e7e                _stack = _end
LOAD build/sky/obj/aes-128.o
LOAD build/sky/obj/anti-replay.o
LOAD build/sky/obj/assert.o
LOAD build/sky/obj/atomic.o
LOAD build/sky/obj/autostart.o
LOAD build/sky/obj/battery-sensor.o
LOAD build/sky/obj/bitrev.o
LOAD build/sky/obj/button-hal.o
LOAD build/sky/obj/button-sensor.o
LOAD build/sky/obj/cbor.o
LOAD build/sky/obj/cc2420-arch-sfd.o
LOAD build/sky/obj/cc2420-arch.o
LOAD build/sky/obj/cc2420-tsch-15ms.o
LOAD build/sky/obj/cc2420.o
LOAD build/sky/obj/ccm-star-packetbuf.o
LOAD build/sky/obj/ccm-star.o
LOAD build/sky/obj/cfs-coffee.o
LOAD build/sky/obj/circular-list.o
LOAD build/sky/obj/clock.o
LOAD build/sky/obj/compower.o
LOAD build/sky/obj/contiki-main.o
LOAD build/sky/obj/crc16.o
LOAD build/sky/obj/csma-output.o
LOAD build/sky/obj/csma-security.o
LOAD build/sky/obj/csma.o
LOAD build/sky/obj/csprng.o
LOAD build/sky/obj/ctimer.o
LOAD build/sky/obj/dbl-circ-list.o
LOAD build/sky/obj/dbl-list.o
LOAD build/sky/obj/dconcrect-client.o
LOAD build/sky/obj/ds2411.o
LOAD build/sky/obj/ecc-curve.o
LOAD build/sky/obj/energest.o
LOAD build/sky/obj/etimer.o
LOAD build/sky/obj/flash.o
LOAD build/sky/obj/frame802154.o
LOAD build/sky/obj/frame802154e-ie.o
LOAD build/sky/obj/framer-802154.o
LOAD build/sky/obj/gpio-hal.o
LOAD build/sky/obj/heapmem.o
LOAD build/sky/obj/hexconv.o
LOAD build/sky/obj/ifft.o
LOAD build/sky/obj/int-master.o
LOAD build/sky/obj/ip64-addr.o
LOAD build/sky/obj/iq-seeder.o
LOAD build/sky/obj/leds-arch.o
LOAD build/sky/obj/leds.o
LOAD build/sky/obj/light-sensor.o
LOAD build/sky/obj/link-stats.o
LOAD build/sky/obj/linkaddr.o
LOAD build/sky/obj/list.o
LOAD build/sky/obj/log.o
LOAD build/sky/obj/lpm.o
LOAD build/sky/obj/mac-sequence.o
LOAD build/sky/obj/memb.o
LOAD build/sky/obj/msp430.o
LOAD build/sky/obj/mutex.o
LOAD build/sky/obj/nbr-table.o
LOAD build/sky/obj/net-debug.o
LOAD build/sky/obj/netstack.o
LOAD build/sky/obj/node-id.o
LOAD build/sky/obj/nullframer.o
LOAD build/sky/obj/nullradio.o
LOAD build/sky/obj/packetbuf.o
LOAD build/sky/obj/platform.o
LOAD build/sky/obj/process-mutex.o
LOAD build/sky/obj/process.o
LOAD build/sky/obj/psock.o
LOAD build/sky/obj/queuebuf.o
LOAD build/sky/obj/random.o
LOAD build/sky/obj/ringbuf.o
LOAD build/sky/obj/ringbufindex.o
LOAD build/sky/obj/rpl-dag-root.o
LOAD build/sky/obj/rpl-dag.o
LOAD build/sky/obj/rpl-ext-header.o
LOAD build/sky/obj/rpl-icmp6.o
LOAD build/sky/obj/rpl-mrhof.o
LOAD build/sky/obj/rpl-nbr-policy.o
LOAD build/sky/obj/rpl-neighbor.o
LOAD build/sky/obj/rpl-of0.o
LOAD build/sky/obj/rpl-timers.o
LOAD build/sky/obj/rpl.o
LOAD build/sky/obj/rtimer-arch.o
LOAD build/sky/obj/rtimer.o
LOAD build/sky/obj/sensors.o
LOAD build/sky/obj/serial-line.o
LOAD build/sky/obj/sfc16-prng.o
LOAD build/sky/obj/sfc32-prng.o
LOAD build/sky/obj/sha-256.o
LOAD build/sky/obj/sht11-sensor.o
LOAD build/sky/obj/sht11.o
LOAD build/sky/obj/sicslowpan.o
LOAD build/sky/obj/simple-udp.o
LOAD build/sky/obj/sky-sensors.o
LOAD build/sky/obj/slip.o
LOAD build/sky/obj/slip_uart1.o
LOAD build/sky/obj/spi-legacy.o
LOAD build/sky/obj/spi.o
LOAD build/sky/obj/stack-check.o
LOAD build/sky/obj/stimer.o
LOAD build/sky/obj/tcp-socket.o
LOAD build/sky/obj/tcpip.o
LOAD build/sky/obj/timer.o
LOAD build/sky/obj/trickle-timer.o
LOAD build/sky/obj/uart-putchar.o
LOAD build/sky/obj/uart1.o
LOAD build/sky/obj/udp-socket.o
LOAD build/sky/obj/uip-ds6-nbr.o
LOAD build/sky/obj/uip-ds6-route.o
LOAD build/sky/obj/uip-ds6.o
LOAD build/sky/obj/uip-icmp6.o
LOAD build/sky/obj/uip-ipchksum.o
LOAD build/sky/obj/uip-nameserver.o
LOAD build/sky/obj/uip-nd6.o
LOAD build/sky/obj/uip-packetqueue.o
LOAD build/sky/obj/uip-sr.o
LOAD build/sky/obj/uip-udp-packet.o
LOAD build/sky/obj/uip6.o
LOAD build/sky/obj/uipbuf.o
LOAD build/sky/obj/uiplib.o
LOAD build/sky/obj/watchdog.o
LOAD build/sky/obj/xmem.o
LOAD /usr/local/bin/../lib/gcc/msp430/4.7.4/mmpy-16/libgcc.a
LOAD /usr/local/bin/../lib/gcc/msp430/4.7.4/../../../../msp430/lib/mmpy-16/libc.a
LOAD /usr/local/bin/../lib/gcc/msp430/4.7.4/mmpy-16/libgcc.a
LOAD /usr/local/bin/../lib/gcc/msp430/4.7.4/mmpy-16/libcrt0.a
                0x0000000000000080                PROVIDE (__info_segment_size, 0x80)
                0x0000000000001000                PROVIDE (__infob, 0x1000)
                0x0000000000001080                PROVIDE (__infoa, 0x1080)
                0x0000000000000000                __IE1 = 0x0
                0x0000000000000002                __IFG1 = 0x2
                0x0000000000000004                __ME1 = 0x4
                0x0000000000000001                __IE2 = 0x1
                0x0000000000000003                __IFG2 = 0x3
                0x0000000000000005                __ME2 = 0x5
                0x0000000000000120                __WDTCTL = 0x120
                0x0000000000000130                __MPY = 0x130
                0x0000000000000132                __MPYS = 0x132
                0x0000000000000134                __MAC = 0x134
                0x0000000000000136                __MACS = 0x136
                0x0000000000000138                __OP2 = 0x138
                0x000000000000013a                __RESLO = 0x13a
                0x000000000000013c                __RESHI = 0x13c
                0x000000000000013e                __SUMEXT = 0x13e
                0x0000000000000020                __P1IN = 0x20
                0x0000000000000021                __P1OUT = 0x21
                0x0000000000000022                __P1DIR = 0x22
                0x0000000000000023                __P1IFG = 0x23
                0x0000000000000024                __P1IES = 0x24
                0x0000000000000025                __P1IE = 0x25
                0x0000000000000026                __P1SEL = 0x26
                0x0000000000000028                __P2IN = 0x28
                0x0000000000000029                __P2OUT = 0x29
                0x000000000000002a                __P2DIR = 0x2a
                0x000000000000002b                __P2IFG = 0x2b
                0x000000000000002c                __P2IES = 0x2c
                0x000000000000002d                __P2IE = 0x2d
                0x000000000000002e                __P2SEL = 0x2e
                0x0000000000000018                __P3IN = 0x18
                0x0000000000000019                __P3OUT = 0x19
                0x000000000000001a                __P3DIR = 0x1a
                0x000000000000001b                __P3SEL = 0x1b
                0x000000000000001c                __P4IN = 0x1c
                0x000000000000001d                __P4OUT = 0x1d
                0x000000000000001e                __P4DIR = 0x1e
                0x000000000000001f                __P4SEL = 0x1f
                0x0000000000000030                __P5IN = 0x30
                0x0000000000000031                __P5OUT = 0x31
                0x0000000000000032                __P5DIR = 0x32
                0x0000000000000033                __P5SEL = 0x33
                0x0000000000000034                __P6IN = 0x34
                0x0000000000000035                __P6OUT = 0x35
                0x0000000000000036                __P6DIR = 0x36
                0x0000000000000037                __P6SEL = 0x37
                0x0000000000000070                __U0CTL = 0x70
                0x0000000000000071                __U0TCTL = 0x71
                0x0000000000000072                __U0RCTL = 0x72
                0x0000000000000073                __U0MCTL = 0x73
                0x0000000000000074                __U0BR0 = 0x74
                0x0000000000000075                __U0BR1 = 0x75
                0x0000000000000076                __U0RXBUF = 0x76
                0x0000000000000077                __U0TXBUF = 0x77
                0x0000000000000078                __U1CTL = 0x78
                0x0000000000000079                __U1TCTL = 0x79
                0x000000000000007a                __U1RCTL = 0x7a
                0x000000000000007b                __U1MCTL = 0x7b
                0x000000000000007c                __U1BR0 = 0x7c
                0x000000000000007d                __U1BR1 = 0x7d
                0x000000000000007e                __U1RXBUF = 0x7e
                0x000000000000007f                __U1TXBUF = 0x7f
                0x0000000000000050                __I2CIE = 0x50
                0x0000000000000051                __I2CIFG = 0x51
                0x0000000000000052                __I2CNDAT = 0x52
                0x0000000000000071                __I2CTCTL = 0x71
                0x0000000000000072                __I2CDCTL = 0x72
                0x0000000000000073                __I2CPSC = 0x73
                0x0000000000000074                __I2CSCLH = 0x74
                0x0000000000000075                __I2CSCLL = 0x75
                0x0000000000000076                __I2CDRB = 0x76
                0x0000000000000076                __I2CDRW = 0x76
                0x0000000000000118                __I2COA = 0x118
                0x000000000000011a                __I2CSA = 0x11a
                0x000000000000011c                __I2CIV = 0x11c
                0x000000000000012e                __TAIV = 0x12e
                0x0000000000000160                __TACTL = 0x160
                0x0000000000000162                __TACCTL0 = 0x162
                0x0000000000000164                __TACCTL1 = 0x164
                0x0000000000000166                __TACCTL2 = 0x166
                0x0000000000000170                __TAR = 0x170
                0x0000000000000172                __TACCR0 = 0x172
                0x0000000000000174                __TACCR1 = 0x174
                0x0000000000000176                __TACCR2 = 0x176
                0x000000000000011e                __TBIV = 0x11e
                0x0000000000000180                __TBCTL = 0x180
                0x0000000000000182                __TBCCTL0 = 0x182
                0x0000000000000184                __TBCCTL1 = 0x184
                0x0000000000000186                __TBCCTL2 = 0x186
                0x0000000000000188                __TBCCTL3 = 0x188
                0x000000000000018a                __TBCCTL4 = 0x18a
                0x000000000000018c                __TBCCTL5 = 0x18c
                0x000000000000018e                __TBCCTL6 = 0x18e
                0x0000000000000190                __TBR = 0x190
                0x0000000000000192                __TBCCR0 = 0x192
                0x0000000000000194                __TBCCR1 = 0x194
                0x0000000000000196                __TBCCR2 = 0x196
                0x0000000000000198                __TBCCR3 = 0x198
                0x000000000000019a                __TBCCR4 = 0x19a
                0x000000000000019c                __TBCCR5 = 0x19c
                0x000000000000019e                __TBCCR6 = 0x19e
                0x0000000000000056                __DCOCTL = 0x56
                0x0000000000000057                __BCSCTL1 = 0x57
                0x0000000000000058                __BCSCTL2 = 0x58
                0x0000000000000055                __SVSCTL = 0x55
                0x0000000000000128                __FCTL1 = 0x128
                0x000000000000012a                __FCTL2 = 0x12a
                0x000000000000012c                __FCTL3 = 0x12c
                0x0000000000000059                __CACTL1 = 0x59
                0x000000000000005a                __CACTL2 = 0x5a
                0x000000000000005b                __CAPD = 0x5b
                0x00000000000001a0                __ADC12CTL0 = 0x1a0
                0x00000000000001a2                __ADC12CTL1 = 0x1a2
                0x00000000000001a4                __ADC12IFG = 0x1a4
                0x00000000000001a6                __ADC12IE = 0x1a6
                0x00000000000001a8                __ADC12IV = 0x1a8
                0x0000000000000140                __ADC12MEM0 = 0x140
                0x0000000000000142                __ADC12MEM1 = 0x142
                0x0000000000000144                __ADC12MEM2 = 0x144
                0x0000000000000146                __ADC12MEM3 = 0x146
                0x0000000000000148                __ADC12MEM4 = 0x148
                0x000000000000014a                __ADC12MEM5 = 0x14a
                0x000000000000014c                __ADC12MEM6 = 0x14c
                0x000000000000014e                __ADC12MEM7 = 0x14e
                0x0000000000000150                __ADC12MEM8 = 0x150
                0x0000000000000152                __ADC12MEM9 = 0x152
                0x0000000000000154                __ADC12MEM10 = 0x154
                0x0000000000000156                __ADC12MEM11 = 0x156
                0x0000000000000158                __ADC12MEM12 = 0x158
                0x000000000000015a                __ADC12MEM13 = 0x15a
                0x000000000000015c                __ADC12MEM14 = 0x15c
                0x000000000000015e                __ADC12MEM15 = 0x15e
                0x0000000000000080                __ADC12MCTL0 = 0x80
                0x0000000000000081                __ADC12MCTL1 = 0x81
                0x0000000000000082                __ADC12MCTL2 = 0x82
                0x0000000000000083                __ADC12MCTL3 = 0x83
                0x0000000000000084                __ADC12MCTL4 = 0x84
                0x0000000000000085                __ADC12MCTL5 = 0x85
                0x0000000000000086                __ADC12MCTL6 = 0x86
                0x0000000000000087                __ADC12MCTL7 = 0x87
                0x0000000000000088                __ADC12MCTL8 = 0x88
                0x0000000000000089                __ADC12MCTL9 = 0x89
                0x000000000000008a                __ADC12MCTL10 = 0x8a
                0x000000000000008b                __ADC12MCTL11 = 0x8b
                0x000000000000008c                __ADC12MCTL12 = 0x8c
                0x000000000000008d                __ADC12MCTL13 = 0x8d
                0x000000000000008e                __ADC12MCTL14 = 0x8e
                0x000000000000008f                __ADC12MCTL15 = 0x8f
                0x00000000000001c0                __DAC12_0CTL = 0x1c0
                0x00000000000001c2                __DAC12_1CTL = 0x1c2
                0x00000000000001c8                __DAC12_0DAT = 0x1c8
                0x00000000000001ca                __DAC12_1DAT = 0x1ca
                0x0000000000000122                __DMACTL0 = 0x122
                0x0000000000000124                __DMACTL1 = 0x124
                0x00000000000001e0                __DMA0CTL = 0x1e0
                0x00000000000001e8                __DMA1CTL = 0x1e8
                0x00000000000001f0                __DMA2CTL = 0x1f0
                0x00000000000001e2                __DMA0SA = 0x1e2
                0x00000000000001e4                __DMA0DA = 0x1e4
                0x00000000000001e6                __DMA0SZ = 0x1e6
                0x00000000000001ea                __DMA1SA = 0x1ea
                0x00000000000001ec                __DMA1DA = 0x1ec
                0x00000000000001ee                __DMA1SZ = 0x1ee
                0x00000000000001f2                __DMA2SA = 0x1f2
                0x00000000000001f4                __DMA2DA = 0x1f4
                0x00000000000001f6                __DMA2SZ = 0x1f6

.hash
 *(SORT(.hash))

.dynsym
 *(SORT(.dynsym))

.dynstr
 *(SORT(.dynstr))

.gnu.version
 *(SORT(.gnu.version))

.gnu.version_d
 *(SORT(.gnu.version_d))

.gnu.version_r
 *(SORT(.gnu.version_r))

.rel.init
 *(SORT(.rel.init))

.rela.init
 *(SORT(.rela.init))

.rel.fini
 *(SORT(.rel.fini))

.rela.fini
 *(SORT(.rela.fini))

.rel.text
 *(SORT(.rel.text) SORT(.rel.text.*) SORT(.rel.gnu.linkonce.t.*))

.rela.text
 *(SORT(.rela.text) SORT(.rela.text.*) SORT(.rela.gnu.linkonce.t.*))

.rel.rodata
 *(SORT(.rel.rodata) SORT(.rel.rodata.*) SORT(.rel.gnu.linkonce.r.*))

.rela.rodata
 *(SORT(.rela.rodata) SORT(.rela.rodata.*) SORT(.rela.gnu.linkonce.r.*))

.rel.data
 *(SORT(.rel.data) SORT(.rel.data.*) SORT(.rel.gnu.linkonce.d.*))

.rela.data
 *(SORT(.rela.data) SORT(.rela.data.*) SORT(.rela.gnu.linkonce.d.*))

.rel.bss
 *(SORT(.rel.bss) SORT(.rel.bss.*) SORT(.rel.gnu.linkonce.b.*))

.rela.bss
 *(SORT(.rela.bss) SORT(.rela.bss.*) SORT(.rela.gnu.linkonce.b.*))

.rel.ctors
 *(SORT(.rel.ctors))

.rela.ctors
 *(SORT(.rela.ctors))

.rel.dtors
 *(SORT(.rel.dtors))

.rela.dtors
 *(SORT(.rela.dtors))

.rel.got
 *(SORT(.rel.got))

.rela.got
 *(SORT(.rela.got))

.rel.plt
 *(SORT(.rel.plt))

.rela.plt
 *(SORT(.rela.plt))

.text           0x0000000000004000     0xb492
                0x0000000000004000                . = ALIGN (0x2)
 *(SORT(.init) SORT(.init.*))
 *(SORT(.init0))
 .init0         0x0000000000004000        0x0 /usr/local/bin/../lib/gcc/msp430/4.7.4/mmpy-16/libcrt0.a(_reset_vector__.o)
                0x0000000000004000                _reset_vector__
 *(SORT(.init1))
 .init1         0x0000000000004000        0xc /usr/local/bin/../lib/gcc/msp430/4.7.4/mmpy-16/libcrt0.a(__watchdog_support.o)
                0x0000000000004000                __watchdog_support
 *(SORT(.init2))
 .init2         0x000000000000400c        0x4 /usr/local/bin/../lib/gcc/msp430/4.7.4/mmpy-16/libcrt0.a(__init_stack.o)
                0x000000000000400c                __init_stack
 *(SORT(.init3))
 .init3         0x0000000000004010        0x0 /usr/local/bin/../lib/gcc/msp430/4.7.4/mmpy-16/libcrt0.a(__low_level_init.o)
                0x0000000000004010                __low_level_init
 *(SORT(.init4))
 .init4         0x0000000000004010       0x18 /usr/local/bin/../lib/gcc/msp430/4.7.4/mmpy-16/libcrt0.a(_copy_data.o)
                0x0000000000004010                __do_copy_data
 .init4         0x0000000000004028       0x16 /usr/local/bin/../lib/gcc/msp430/4.7.4/mmpy-16/libcrt0.a(_clear_bss.o)
                0x0000000000004028                __do_clear_bss
 *(SORT(.init5))
 *(SORT(.init6))
 *(SORT(.init7))
 *(SORT(.init8))
 *(SORT(.init9))
 .init9         0x000000000000403e      0x23c build/sky/obj/contiki-main.o
                0x000000000000403e                main
 *(SORT(.fini9))
 .fini9         0x000000000000427a        0x0 /usr/local/bin/../lib/gcc/msp430/4.7.4/mmpy-16/libcrt0.a(__stop_progExec__.o)
                0x000000000000427a                __stop_progExec__
 *(SORT(.fini8))
 *(SORT(.fini7))
 *(SORT(.fini6))
 *(SORT(.fini5))
 *(SORT(.fini4))
 *(SORT(.fini3))
 *(SORT(.fini2))
 *(SORT(.fini1))
 *(SORT(.fini0))
 .fini0         0x000000000000427a        0x6 /usr/local/bin/../lib/gcc/msp430/4.7.4/mmpy-16/libcrt0.a(_endless_loop__.o)
                0x000000000000427a                _endless_loop__
 *(SORT(.fini) SORT(.fini.*))
                0x0000000000004280                . = ALIGN (0x2)
                0x0000000000004280                __ctors_start = .
 *(SORT(.ctors))
                0x0000000000004280                __ctors_end = .
                0x0000000000004280                __dtors_start = .
 *(SORT(.dtors))
                0x0000000000004280                __dtors_end = .
                0x0000000000004280                . = ALIGN (0x2)
 *(SORT(.text) SORT(.text.*) SORT(.gnu.linkonce.t.*))
 .text          0x0000000000004280        0x4 /usr/local/bin/../lib/gcc/msp430/4.7.4/mmpy-16/crt0ivtbl16.o
                0x0000000000004280                __isr_14
                0x0000000000004280                __isr_11
                0x0000000000004280                __isr_2
                0x0000000000004280                __isr_7
                0x0000000000004280                __isr_0
                0x0000000000004280                __isr_8
                0x0000000000004280                __isr_3
                0x0000000000004280                __isr_13
                0x0000000000004280                __isr_9
 .text.autostart_start
                0x0000000000004284       0x16 build/sky/obj/autostart.o
                0x0000000000004284                autostart_start
 .text.status   0x000000000000429a       0x18 build/sky/obj/button-sensor.o
 .text.value    0x00000000000042b2       0x1a build/sky/obj/button-sensor.o
 .text.configure
                0x00000000000042cc       0x4c build/sky/obj/button-sensor.o
 .text.irq_p2   0x0000000000004318       0x46 build/sky/obj/button-sensor.o
                0x0000000000004318                irq_p2
                0x0000000000004318                __isr_1
 .text.cc2420_timerb1_interrupt
                0x000000000000435e       0x26 build/sky/obj/cc2420-arch-sfd.o
                0x000000000000435e                cc2420_timerb1_interrupt
                0x000000000000435e                __isr_12
 .text.cc2420_port1_interrupt
                0x0000000000004384       0x20 build/sky/obj/cc2420-arch.o
                0x0000000000004384                __isr_4
                0x0000000000004384                cc2420_port1_interrupt
 .text.cc2420_arch_init
                0x00000000000043a4       0x1a build/sky/obj/cc2420-arch.o
                0x00000000000043a4                cc2420_arch_init
 .text.get_object
                0x00000000000043be        0x4 build/sky/obj/cc2420.o
 .text.set_object
                0x00000000000043c2        0x4 build/sky/obj/cc2420.o
 .text.strobe   0x00000000000043c6       0x1c build/sky/obj/cc2420.o
 .text.getreg   0x00000000000043e2       0x4c build/sky/obj/cc2420.o
 .text.setreg   0x000000000000442e       0x4c build/sky/obj/cc2420.o
 .text.write_ram
                0x000000000000447a       0x7c build/sky/obj/cc2420.o
 .text.write_fifo_buf
                0x00000000000044f6       0x3c build/sky/obj/cc2420.o
 .text.get_status
                0x0000000000004532       0x20 build/sky/obj/cc2420.o
 .text.on       0x0000000000004552       0x1a build/sky/obj/cc2420.o
 .text.cc2420_receiving_packet
                0x000000000000456c        0xc build/sky/obj/cc2420.o
 .text.pending_packet
                0x0000000000004578        0x8 build/sky/obj/cc2420.o
 .text.wait_for_transmission
                0x0000000000004580       0x22 build/sky/obj/cc2420.o
 .text.wait_for_status
                0x00000000000045a2       0x28 build/sky/obj/cc2420.o
 .text.getrxdata
                0x00000000000045ca       0x50 build/sky/obj/cc2420.o
 .text.flushrx  0x000000000000461a       0x1a build/sky/obj/cc2420.o
 .text.off      0x0000000000004634       0x28 build/sky/obj/cc2420.o
 .text.RELEASE_LOCK
                0x000000000000465c       0x28 build/sky/obj/cc2420.o
 .text.set_key  0x0000000000004684       0x18 build/sky/obj/cc2420.o
 .text.set_frame_filtering
                0x000000000000469c       0x30 build/sky/obj/cc2420.o
 .text.set_auto_ack
                0x00000000000046cc       0x30 build/sky/obj/cc2420.o
 .text.set_poll_mode
                0x00000000000046fc       0x2c build/sky/obj/cc2420.o
 .text.cc2420_prepare
                0x0000000000004728       0x46 build/sky/obj/cc2420.o
 .text.cc2420_on
                0x000000000000476e       0x22 build/sky/obj/cc2420.o
                0x000000000000476e                cc2420_on
 .text.cc2420_transmit
                0x0000000000004790       0x66 build/sky/obj/cc2420.o
 .text.cc2420_send
                0x00000000000047f6       0x12 build/sky/obj/cc2420.o
 .text.cc2420_off
                0x0000000000004808       0x30 build/sky/obj/cc2420.o
                0x0000000000004808                cc2420_off
 .text.cc2420_cca
                0x0000000000004838       0x68 build/sky/obj/cc2420.o
 .text.cc2420_read
                0x00000000000048a0       0xbe build/sky/obj/cc2420.o
 .text.process_thread_cc2420_process
                0x000000000000495e       0x56 build/sky/obj/cc2420.o
 .text.encrypt  0x00000000000049b4       0x88 build/sky/obj/cc2420.o
 .text.cc2420_set_channel
                0x0000000000004a3c       0x3c build/sky/obj/cc2420.o
                0x0000000000004a3c                cc2420_set_channel
 .text.cc2420_set_pan_addr
                0x0000000000004a78       0x4c build/sky/obj/cc2420.o
                0x0000000000004a78                cc2420_set_pan_addr
 .text.cc2420_interrupt
                0x0000000000004ac4       0x16 build/sky/obj/cc2420.o
                0x0000000000004ac4                cc2420_interrupt
 .text.cc2420_set_txpower
                0x0000000000004ada       0x2c build/sky/obj/cc2420.o
                0x0000000000004ada                cc2420_set_txpower
 .text.cc2420_get_txpower
                0x0000000000004b06       0x1e build/sky/obj/cc2420.o
                0x0000000000004b06                cc2420_get_txpower
 .text.cc2420_rssi
                0x0000000000004b24       0x4c build/sky/obj/cc2420.o
                0x0000000000004b24                cc2420_rssi
 .text.get_value
                0x0000000000004b70      0x11e build/sky/obj/cc2420.o
 .text.cc2420_set_cca_threshold
                0x0000000000004c8e       0x16 build/sky/obj/cc2420.o
                0x0000000000004c8e                cc2420_set_cca_threshold
 .text.set_value
                0x0000000000004ca4      0x150 build/sky/obj/cc2420.o
 .text.cc2420_init
                0x0000000000004df4       0xea build/sky/obj/cc2420.o
                0x0000000000004df4                cc2420_init
 .text.timera1  0x0000000000004ede       0xd8 build/sky/obj/clock.o
                0x0000000000004ede                __isr_5
                0x0000000000004ede                timera1
 .text.clock_time
                0x0000000000004fb6       0x1a build/sky/obj/clock.o
                0x0000000000004fb6                clock_time
 .text.clock_init
                0x0000000000004fd0       0x28 build/sky/obj/clock.o
                0x0000000000004fd0                clock_init
 .text.clock_delay
                0x0000000000004ff8        0xc build/sky/obj/clock.o
                0x0000000000004ff8                clock_delay
 .text.clock_seconds
                0x0000000000005004       0x1a build/sky/obj/clock.o
                0x0000000000005004                clock_seconds
 .text.schedule_transmission
                0x000000000000501e       0x74 build/sky/obj/csma-output.o
 .text.tx_done  0x0000000000005092       0x98 build/sky/obj/csma-output.o
 .text.transmit_from_queue
                0x000000000000512a      0x1c2 build/sky/obj/csma-output.o
 .text.csma_output_packet
                0x00000000000052ec      0x146 build/sky/obj/csma-output.o
                0x00000000000052ec                csma_output_packet
 .text.csma_output_init
                0x0000000000005432       0x1a build/sky/obj/csma-output.o
                0x0000000000005432                csma_output_init
 .text.on       0x000000000000544c        0x6 build/sky/obj/csma.o
 .text.off      0x0000000000005452        0x6 build/sky/obj/csma.o
 .text.max_payload
                0x0000000000005458       0x38 build/sky/obj/csma.o
 .text.send_packet
                0x0000000000005490        0x6 build/sky/obj/csma.o
 .text.input_packet
                0x0000000000005496       0x58 build/sky/obj/csma.o
 .text.init     0x00000000000054ee       0x20 build/sky/obj/csma.o
 .text.process_thread_ctimer_process
                0x000000000000550e       0x9a build/sky/obj/ctimer.o
 .text.ctimer_init
                0x00000000000055a8       0x10 build/sky/obj/ctimer.o
                0x00000000000055a8                ctimer_init
 .text.ctimer_set_with_process
                0x00000000000055b8       0x4e build/sky/obj/ctimer.o
                0x00000000000055b8                ctimer_set_with_process
 .text.ctimer_reset
                0x0000000000005606       0x30 build/sky/obj/ctimer.o
                0x0000000000005606                ctimer_reset
 .text.ctimer_stop
                0x0000000000005636       0x28 build/sky/obj/ctimer.o
                0x0000000000005636                ctimer_stop
 .text.ctimer_expired
                0x000000000000565e       0x20 build/sky/obj/ctimer.o
                0x000000000000565e                ctimer_expired
 .text.udp_rx_callback
                0x000000000000567e      0x242 build/sky/obj/dconcrect-client.o
 .text.process_thread_udp_client_process
                0x00000000000058c0      0x268 build/sky/obj/dconcrect-client.o
 .text.owreadb  0x0000000000005b28       0x50 build/sky/obj/ds2411.o
 .text.ds2411_init
                0x0000000000005b78      0x120 build/sky/obj/ds2411.o
                0x0000000000005b78                ds2411_init
 .text.update_time
                0x0000000000005c98       0x78 build/sky/obj/etimer.o
 .text.etimer_request_poll
                0x0000000000005d10        0xa build/sky/obj/etimer.o
                0x0000000000005d10                etimer_request_poll
 .text.process_thread_etimer_process
                0x0000000000005d1a       0xcc build/sky/obj/etimer.o
 .text.add_timer
                0x0000000000005de6       0x40 build/sky/obj/etimer.o
 .text.etimer_set
                0x0000000000005e26       0x12 build/sky/obj/etimer.o
                0x0000000000005e26                etimer_set
 .text.etimer_reset
                0x0000000000005e38       0x12 build/sky/obj/etimer.o
                0x0000000000005e38                etimer_reset
 .text.etimer_pending
                0x0000000000005e4a        0xc build/sky/obj/etimer.o
                0x0000000000005e4a                etimer_pending
 .text.etimer_next_expiration_time
                0x0000000000005e56       0x16 build/sky/obj/etimer.o
                0x0000000000005e56                etimer_next_expiration_time
 .text.etimer_stop
                0x0000000000005e6c       0x3e build/sky/obj/etimer.o
                0x0000000000005e6c                etimer_stop
 .text.frame802154_get_pan_id
                0x0000000000005eaa        0x6 build/sky/obj/frame802154.o
                0x0000000000005eaa                frame802154_get_pan_id
 .text.frame802154_has_panid
                0x0000000000005eb0       0xe8 build/sky/obj/frame802154.o
                0x0000000000005eb0                frame802154_has_panid
 .text.field_len
                0x0000000000005f98       0xaa build/sky/obj/frame802154.o
 .text.frame802154_is_broadcast_addr
                0x0000000000006042       0x28 build/sky/obj/frame802154.o
                0x0000000000006042                frame802154_is_broadcast_addr
 .text.frame802154_hdrlen
                0x000000000000606a       0x32 build/sky/obj/frame802154.o
                0x000000000000606a                frame802154_hdrlen
 .text.frame802154_create_fcf
                0x000000000000609c       0x96 build/sky/obj/frame802154.o
                0x000000000000609c                frame802154_create_fcf
 .text.frame802154_create
                0x0000000000006132       0xd2 build/sky/obj/frame802154.o
                0x0000000000006132                frame802154_create
 .text.frame802154_parse_fcf
                0x0000000000006204       0xbc build/sky/obj/frame802154.o
                0x0000000000006204                frame802154_parse_fcf
 .text.frame802154_parse
                0x00000000000062c0      0x168 build/sky/obj/frame802154.o
                0x00000000000062c0                frame802154_parse
 .text.parse    0x0000000000006428       0xa2 build/sky/obj/framer-802154.o
 .text.framer_802154_setup_params
                0x00000000000064ca       0xb6 build/sky/obj/framer-802154.o
                0x00000000000064ca                framer_802154_setup_params
 .text.create_frame
                0x0000000000006580       0xa2 build/sky/obj/framer-802154.o
 .text.create   0x0000000000006622        0x8 build/sky/obj/framer-802154.o
 .text.hdr_length
                0x000000000000662a        0x8 build/sky/obj/framer-802154.o
 .text.ip64_addr_is_ip64
                0x0000000000006632       0x28 build/sky/obj/ip64-addr.o
                0x0000000000006632                ip64_addr_is_ip64
 .text.leds_arch_init
                0x000000000000665a        0xe build/sky/obj/leds-arch.o
                0x000000000000665a                leds_arch_init
 .text.leds_arch_get
                0x0000000000006668       0x34 build/sky/obj/leds-arch.o
                0x0000000000006668                leds_arch_get
 .text.leds_arch_set
                0x000000000000669c       0x3e build/sky/obj/leds-arch.o
                0x000000000000669c                leds_arch_set
 .text.leds_init
                0x00000000000066da        0x6 build/sky/obj/leds.o
                0x00000000000066da                leds_init
 .text.leds_on  0x00000000000066e0       0x12 build/sky/obj/leds.o
                0x00000000000066e0                leds_on
 .text.leds_off
                0x00000000000066f2       0x12 build/sky/obj/leds.o
                0x00000000000066f2                leds_off
 .text.periodic
                0x0000000000006704       0x28 build/sky/obj/link-stats.o
 .text.link_stats_from_lladdr
                0x000000000000672c        0xc build/sky/obj/link-stats.o
                0x000000000000672c                link_stats_from_lladdr
 .text.link_stats_is_fresh
                0x0000000000006738       0x30 build/sky/obj/link-stats.o
                0x0000000000006738                link_stats_is_fresh
 .text.link_stats_packet_sent
                0x0000000000006768       0xf4 build/sky/obj/link-stats.o
                0x0000000000006768                link_stats_packet_sent
 .text.link_stats_input_callback
                0x000000000000685c      0x106 build/sky/obj/link-stats.o
                0x000000000000685c                link_stats_input_callback
 .text.link_stats_reset
                0x0000000000006962       0x2a build/sky/obj/link-stats.o
                0x0000000000006962                link_stats_reset
 .text.link_stats_init
                0x000000000000698c       0x26 build/sky/obj/link-stats.o
                0x000000000000698c                link_stats_init
 .text.linkaddr_copy
                0x00000000000069b2        0x8 build/sky/obj/linkaddr.o
                0x00000000000069b2                linkaddr_copy
 .text.linkaddr_cmp
                0x00000000000069ba       0x12 build/sky/obj/linkaddr.o
                0x00000000000069ba                linkaddr_cmp
 .text.list_tail
                0x00000000000069cc       0x12 build/sky/obj/list.o
                0x00000000000069cc                list_tail
 .text.list_remove
                0x00000000000069de       0x34 build/sky/obj/list.o
                0x00000000000069de                list_remove
 .text.list_push
                0x0000000000006a12       0x1a build/sky/obj/list.o
                0x0000000000006a12                list_push
 .text.list_add
                0x0000000000006a2c       0x2a build/sky/obj/list.o
                0x0000000000006a2c                list_add
 .text.list_length
                0x0000000000006a56       0x10 build/sky/obj/list.o
                0x0000000000006a56                list_length
 .text.list_contains
                0x0000000000006a66       0x12 build/sky/obj/list.o
                0x0000000000006a66                list_contains
 .text.log_6addr
                0x0000000000006a78       0x32 build/sky/obj/log.o
                0x0000000000006a78                log_6addr
 .text.log_lladdr
                0x0000000000006aaa       0x44 build/sky/obj/log.o
                0x0000000000006aaa                log_lladdr
 .text.mac_sequence_init
                0x0000000000006aee        0xa build/sky/obj/mac-sequence.o
                0x0000000000006aee                mac_sequence_init
 .text.mac_sequence_set_dsn
                0x0000000000006af8       0x18 build/sky/obj/mac-sequence.o
                0x0000000000006af8                mac_sequence_set_dsn
 .text.mac_sequence_is_duplicate
                0x0000000000006b10       0x84 build/sky/obj/mac-sequence.o
                0x0000000000006b10                mac_sequence_is_duplicate
 .text.mac_sequence_register_seqno
                0x0000000000006b94       0x90 build/sky/obj/mac-sequence.o
                0x0000000000006b94                mac_sequence_register_seqno
 .text.memb_init
                0x0000000000006c24       0x36 build/sky/obj/memb.o
                0x0000000000006c24                memb_init
 .text.memb_alloc
                0x0000000000006c5a       0x3e build/sky/obj/memb.o
                0x0000000000006c5a                memb_alloc
 .text.memb_free
                0x0000000000006c98       0x32 build/sky/obj/memb.o
                0x0000000000006c98                memb_free
 .text.memb_inmemb
                0x0000000000006cca       0x2a build/sky/obj/memb.o
                0x0000000000006cca                memb_inmemb
 .text.memb_numfree
                0x0000000000006cf4       0x26 build/sky/obj/memb.o
                0x0000000000006cf4                memb_numfree
 .text.msp430_init_dco
                0x0000000000006d1a       0x82 build/sky/obj/msp430.o
                0x0000000000006d1a                msp430_init_dco
 .text.msp430_add_lpm_req
                0x0000000000006d9c        0xc build/sky/obj/msp430.o
                0x0000000000006d9c                msp430_add_lpm_req
 .text.msp430_cpu_init
                0x0000000000006da8       0x2a build/sky/obj/msp430.o
                0x0000000000006da8                msp430_cpu_init
 .text.splhigh_
                0x0000000000006dd2        0xa build/sky/obj/msp430.o
                0x0000000000006dd2                splhigh_
 .text.msp430_sync_dco
                0x0000000000006ddc       0x6c build/sky/obj/msp430.o
                0x0000000000006ddc                msp430_sync_dco
 .text.item_from_index
                0x0000000000006e48       0x2a build/sky/obj/nbr-table.o
 .text.index_from_key
                0x0000000000006e72       0x26 build/sky/obj/nbr-table.o
 .text.index_from_item
                0x0000000000006e98       0x1e build/sky/obj/nbr-table.o
 .text.nbr_set_bit
                0x0000000000006eb6       0x54 build/sky/obj/nbr-table.o
 .text.index_from_lladdr
                0x0000000000006f0a       0x38 build/sky/obj/nbr-table.o
 .text.nbr_get_bit.constprop.3
                0x0000000000006f42       0x2a build/sky/obj/nbr-table.o
 .text.remove_key
                0x0000000000006f6c       0x84 build/sky/obj/nbr-table.o
 .text.nbr_table_is_registered
                0x0000000000006ff0       0x22 build/sky/obj/nbr-table.o
                0x0000000000006ff0                nbr_table_is_registered
 .text.nbr_table_register
                0x0000000000007012       0x40 build/sky/obj/nbr-table.o
                0x0000000000007012                nbr_table_register
 .text.nbr_table_next
                0x0000000000007052       0x5a build/sky/obj/nbr-table.o
                0x0000000000007052                nbr_table_next
 .text.nbr_table_head
                0x00000000000070ac       0x36 build/sky/obj/nbr-table.o
                0x00000000000070ac                nbr_table_head
 .text.nbr_table_get_from_lladdr
                0x00000000000070e2       0x2c build/sky/obj/nbr-table.o
                0x00000000000070e2                nbr_table_get_from_lladdr
 .text.entry_is_allowed.isra.2
                0x000000000000710e       0x74 build/sky/obj/nbr-table.o
 .text.nbr_table_add_lladdr
                0x0000000000007182       0xc2 build/sky/obj/nbr-table.o
                0x0000000000007182                nbr_table_add_lladdr
 .text.nbr_table_remove
                0x0000000000007244       0x32 build/sky/obj/nbr-table.o
                0x0000000000007244                nbr_table_remove
 .text.nbr_table_lock
                0x0000000000007276       0x10 build/sky/obj/nbr-table.o
                0x0000000000007276                nbr_table_lock
 .text.nbr_table_unlock
                0x0000000000007286       0x10 build/sky/obj/nbr-table.o
                0x0000000000007286                nbr_table_unlock
 .text.nbr_table_get_lladdr
                0x0000000000007296       0x22 build/sky/obj/nbr-table.o
                0x0000000000007296                nbr_table_get_lladdr
 .text.netstack_process_ip_callback
                0x00000000000072b8       0x48 build/sky/obj/netstack.o
                0x00000000000072b8                netstack_process_ip_callback
 .text.packetbuf_hdrreduce
                0x0000000000007300       0x1a build/sky/obj/packetbuf.o
                0x0000000000007300                packetbuf_hdrreduce
 .text.packetbuf_set_datalen
                0x000000000000731a        0x6 build/sky/obj/packetbuf.o
                0x000000000000731a                packetbuf_set_datalen
 .text.packetbuf_hdrptr
                0x0000000000007320        0x6 build/sky/obj/packetbuf.o
                0x0000000000007320                packetbuf_hdrptr
 .text.packetbuf_datalen
                0x0000000000007326        0x6 build/sky/obj/packetbuf.o
                0x0000000000007326                packetbuf_datalen
 .text.packetbuf_hdrlen
                0x000000000000732c        0xa build/sky/obj/packetbuf.o
                0x000000000000732c                packetbuf_hdrlen
 .text.packetbuf_dataptr
                0x0000000000007336        0xc build/sky/obj/packetbuf.o
                0x0000000000007336                packetbuf_dataptr
 .text.packetbuf_copyto
                0x0000000000007342       0x46 build/sky/obj/packetbuf.o
                0x0000000000007342                packetbuf_copyto
 .text.packetbuf_totlen
                0x0000000000007388        0xc build/sky/obj/packetbuf.o
                0x0000000000007388                packetbuf_totlen
 .text.packetbuf_hdralloc
                0x0000000000007394       0x3c build/sky/obj/packetbuf.o
                0x0000000000007394                packetbuf_hdralloc
 .text.packetbuf_attr_clear
                0x00000000000073d0       0x28 build/sky/obj/packetbuf.o
                0x00000000000073d0                packetbuf_attr_clear
 .text.packetbuf_clear
                0x00000000000073f8       0x12 build/sky/obj/packetbuf.o
                0x00000000000073f8                packetbuf_clear
 .text.packetbuf_copyfrom
                0x000000000000740a       0x2e build/sky/obj/packetbuf.o
                0x000000000000740a                packetbuf_copyfrom
 .text.packetbuf_attr_copyto
                0x0000000000007438       0x22 build/sky/obj/packetbuf.o
                0x0000000000007438                packetbuf_attr_copyto
 .text.packetbuf_attr_copyfrom
                0x000000000000745a       0x24 build/sky/obj/packetbuf.o
                0x000000000000745a                packetbuf_attr_copyfrom
 .text.packetbuf_set_attr
                0x000000000000747e        0xa build/sky/obj/packetbuf.o
                0x000000000000747e                packetbuf_set_attr
 .text.packetbuf_attr
                0x0000000000007488        0xa build/sky/obj/packetbuf.o
                0x0000000000007488                packetbuf_attr
 .text.packetbuf_set_addr
                0x0000000000007492       0x16 build/sky/obj/packetbuf.o
                0x0000000000007492                packetbuf_set_addr
 .text.packetbuf_addr
                0x00000000000074a8       0x12 build/sky/obj/packetbuf.o
                0x00000000000074a8                packetbuf_addr
 .text.packetbuf_holds_broadcast
                0x00000000000074ba        0xe build/sky/obj/packetbuf.o
                0x00000000000074ba                packetbuf_holds_broadcast
 .text.platform_init_stage_one
                0x00000000000074c8       0x12 build/sky/obj/platform.o
                0x00000000000074c8                platform_init_stage_one
 .text.platform_init_stage_two
                0x00000000000074da       0x5c build/sky/obj/platform.o
                0x00000000000074da                platform_init_stage_two
 .text.platform_init_stage_three
                0x0000000000007536       0x80 build/sky/obj/platform.o
                0x0000000000007536                platform_init_stage_three
 .text.platform_idle
                0x00000000000075b6       0x54 build/sky/obj/platform.o
                0x00000000000075b6                platform_idle
 .text.call_process
                0x000000000000760a       0x46 build/sky/obj/process.o
 .text.exit_process
                0x0000000000007650       0x98 build/sky/obj/process.o
 .text.do_poll  0x00000000000076e8       0x30 build/sky/obj/process.o
 .text.process_alloc_event
                0x0000000000007718       0x18 build/sky/obj/process.o
                0x0000000000007718                process_alloc_event
 .text.process_init
                0x0000000000007730        0x8 build/sky/obj/process.o
                0x0000000000007730                process_init
 .text.process_run
                0x0000000000007738       0x8c build/sky/obj/process.o
                0x0000000000007738                process_run
 .text.process_nevents
                0x00000000000077c4        0xa build/sky/obj/process.o
                0x00000000000077c4                process_nevents
 .text.process_post
                0x00000000000077ce       0x42 build/sky/obj/process.o
                0x00000000000077ce                process_post
 .text.process_post_synch
                0x0000000000007810       0x12 build/sky/obj/process.o
                0x0000000000007810                process_post_synch
 .text.process_start
                0x0000000000007822       0x36 build/sky/obj/process.o
                0x0000000000007822                process_start
 .text.process_poll
                0x0000000000007858       0x18 build/sky/obj/process.o
                0x0000000000007858                process_poll
 .text.queuebuf_init
                0x0000000000007870       0x12 build/sky/obj/queuebuf.o
                0x0000000000007870                queuebuf_init
 .text.queuebuf_numfree
                0x0000000000007882        0xa build/sky/obj/queuebuf.o
                0x0000000000007882                queuebuf_numfree
 .text.queuebuf_new_from_packetbuf
                0x000000000000788c       0x52 build/sky/obj/queuebuf.o
                0x000000000000788c                queuebuf_new_from_packetbuf
 .text.queuebuf_update_attr_from_packetbuf
                0x00000000000078de       0x12 build/sky/obj/queuebuf.o
                0x00000000000078de                queuebuf_update_attr_from_packetbuf
 .text.queuebuf_free
                0x00000000000078f0       0x2a build/sky/obj/queuebuf.o
                0x00000000000078f0                queuebuf_free
 .text.queuebuf_to_packetbuf
                0x000000000000791a       0x32 build/sky/obj/queuebuf.o
                0x000000000000791a                queuebuf_to_packetbuf
 .text.random_init
                0x000000000000794c       0x16 build/sky/obj/random.o
                0x000000000000794c                random_init
 .text.rpl_dag_root_set_prefix
                0x0000000000007962       0x62 build/sky/obj/rpl-dag-root.o
                0x0000000000007962                rpl_dag_root_set_prefix
 .text.rpl_dag_root_start
                0x00000000000079c4       0x8e build/sky/obj/rpl-dag-root.o
                0x00000000000079c4                rpl_dag_root_start
 .text.rpl_dag_root_is_root
                0x0000000000007a52       0x14 build/sky/obj/rpl-dag-root.o
                0x0000000000007a52                rpl_dag_root_is_root
 .text.init_dag
                0x0000000000007a66       0x84 build/sky/obj/rpl-dag.o
 .text.process_dio_init_dag
                0x0000000000007aea       0xb0 build/sky/obj/rpl-dag.o
 .text.rpl_dag_get_root_ipaddr
                0x0000000000007b9a       0x1e build/sky/obj/rpl-dag.o
                0x0000000000007b9a                rpl_dag_get_root_ipaddr
 .text.rpl_dag_leave
                0x0000000000007bb8       0x4a build/sky/obj/rpl-dag.o
                0x0000000000007bb8                rpl_dag_leave
 .text.rpl_dag_poison_and_leave
                0x0000000000007c02        0xc build/sky/obj/rpl-dag.o
                0x0000000000007c02                rpl_dag_poison_and_leave
 .text.rpl_dag_periodic
                0x0000000000007c0e       0x6a build/sky/obj/rpl-dag.o
                0x0000000000007c0e                rpl_dag_periodic
 .text.rpl_is_addr_in_our_dag
                0x0000000000007c78       0x34 build/sky/obj/rpl-dag.o
                0x0000000000007c78                rpl_is_addr_in_our_dag
 .text.rpl_local_repair
                0x0000000000007cac       0x2a build/sky/obj/rpl-dag.o
                0x0000000000007cac                rpl_local_repair
 .text.rpl_global_repair
                0x0000000000007cd6       0x2e build/sky/obj/rpl-dag.o
                0x0000000000007cd6                rpl_global_repair
 .text.rpl_dag_ready_to_advertise
                0x0000000000007d04       0x22 build/sky/obj/rpl-dag.o
                0x0000000000007d04                rpl_dag_ready_to_advertise
 .text.rpl_dag_update_state
                0x0000000000007d26      0x144 build/sky/obj/rpl-dag.o
                0x0000000000007d26                rpl_dag_update_state
 .text.rpl_process_dio
                0x0000000000007e6a      0x1b6 build/sky/obj/rpl-dag.o
                0x0000000000007e6a                rpl_process_dio
 .text.rpl_process_dis
                0x0000000000008020       0x2a build/sky/obj/rpl-dag.o
                0x0000000000008020                rpl_process_dis
 .text.rpl_process_dao
                0x000000000000804a       0x6c build/sky/obj/rpl-dag.o
                0x000000000000804a                rpl_process_dao
 .text.rpl_process_dao_ack
                0x00000000000080b6       0x54 build/sky/obj/rpl-dag.o
                0x00000000000080b6                rpl_process_dao_ack
 .text.rpl_process_hbh
                0x000000000000810a       0x2e build/sky/obj/rpl-dag.o
                0x000000000000810a                rpl_process_hbh
 .text.rpl_dag_init_root
                0x0000000000008138       0xbc build/sky/obj/rpl-dag.o
                0x0000000000008138                rpl_dag_init_root
 .text.rpl_dag_init
                0x00000000000081f4       0x10 build/sky/obj/rpl-dag.o
                0x00000000000081f4                rpl_dag_init
 .text.update_hbh_header
                0x0000000000008204       0x4a build/sky/obj/rpl-ext-header.o
 .text.rpl_ext_header_srh_get_next_hop
                0x000000000000824e       0x84 build/sky/obj/rpl-ext-header.o
                0x000000000000824e                rpl_ext_header_srh_get_next_hop
 .text.rpl_ext_header_srh_update
                0x00000000000082d2      0x250 build/sky/obj/rpl-ext-header.o
                0x00000000000082d2                rpl_ext_header_srh_update
 .text.rpl_ext_header_hbh_update
                0x0000000000008522       0xa4 build/sky/obj/rpl-ext-header.o
                0x0000000000008522                rpl_ext_header_hbh_update
 .text.rpl_ext_header_remove
                0x00000000000085c6       0xcc build/sky/obj/rpl-ext-header.o
                0x00000000000085c6                rpl_ext_header_remove
 .text.rpl_ext_header_update
                0x0000000000008692      0x2aa build/sky/obj/rpl-ext-header.o
                0x0000000000008692                rpl_ext_header_update
 .text.get32    0x000000000000893c       0x46 build/sky/obj/rpl-icmp6.o
 .text.set32    0x0000000000008982       0x2a build/sky/obj/rpl-icmp6.o
 .text.get16    0x00000000000089ac        0xe build/sky/obj/rpl-icmp6.o
 .text.set16    0x00000000000089ba       0x10 build/sky/obj/rpl-icmp6.o
 .text.dao_ack_input
                0x00000000000089ca       0x30 build/sky/obj/rpl-icmp6.o
 .text.dao_input
                0x00000000000089fa      0x16c build/sky/obj/rpl-icmp6.o
 .text.dio_input
                0x0000000000008b66      0x2ba build/sky/obj/rpl-icmp6.o
 .text.dis_input
                0x0000000000008e20       0x1e build/sky/obj/rpl-icmp6.o
 .text.rpl_icmp6_update_nbr_table
                0x0000000000008e3e       0x36 build/sky/obj/rpl-icmp6.o
                0x0000000000008e3e                rpl_icmp6_update_nbr_table
 .text.rpl_icmp6_dis_output
                0x0000000000008e74       0x34 build/sky/obj/rpl-icmp6.o
                0x0000000000008e74                rpl_icmp6_dis_output
 .text.rpl_icmp6_dio_output
                0x0000000000008ea8      0x230 build/sky/obj/rpl-icmp6.o
                0x0000000000008ea8                rpl_icmp6_dio_output
 .text.rpl_icmp6_dao_output
                0x00000000000090d8       0xe2 build/sky/obj/rpl-icmp6.o
                0x00000000000090d8                rpl_icmp6_dao_output
 .text.rpl_icmp6_dao_ack_output
                0x00000000000091ba       0x4e build/sky/obj/rpl-icmp6.o
                0x00000000000091ba                rpl_icmp6_dao_ack_output
 .text.rpl_icmp6_init
                0x0000000000009208       0x22 build/sky/obj/rpl-icmp6.o
                0x0000000000009208                rpl_icmp6_init
 .text.reset    0x000000000000922a        0x2 build/sky/obj/rpl-mrhof.o
 .text.update_metric_container
                0x000000000000922c        0x6 build/sky/obj/rpl-mrhof.o
 .text.nbr_link_metric
                0x0000000000009232       0x12 build/sky/obj/rpl-mrhof.o
 .text.nbr_has_usable_link
                0x0000000000009244       0x14 build/sky/obj/rpl-mrhof.o
 .text.nbr_path_cost
                0x0000000000009258       0x38 build/sky/obj/rpl-mrhof.o
 .text.within_hysteresis
                0x0000000000009290       0x54 build/sky/obj/rpl-mrhof.o
 .text.nbr_is_acceptable_parent
                0x00000000000092e4       0x2c build/sky/obj/rpl-mrhof.o
 .text.rank_via_nbr
                0x0000000000009310       0x48 build/sky/obj/rpl-mrhof.o
 .text.best_parent
                0x0000000000009358       0x7c build/sky/obj/rpl-mrhof.o
 .text.get_rank
                0x00000000000093d4       0x16 build/sky/obj/rpl-nbr-policy.o
 .text.rpl_nbr_gc_get_worst
                0x00000000000093ea       0x28 build/sky/obj/rpl-nbr-policy.o
                0x00000000000093ea                rpl_nbr_gc_get_worst
 .text.remove_neighbor
                0x0000000000009412       0x24 build/sky/obj/rpl-neighbor.o
 .text.rpl_neighbor_get_from_lladdr
                0x0000000000009436        0xc build/sky/obj/rpl-neighbor.o
                0x0000000000009436                rpl_neighbor_get_from_lladdr
 .text.rpl_neighbor_rank_via_nbr
                0x0000000000009442       0x18 build/sky/obj/rpl-neighbor.o
                0x0000000000009442                rpl_neighbor_rank_via_nbr
 .text.rpl_neighbor_get_lladdr
                0x000000000000945a        0xc build/sky/obj/rpl-neighbor.o
                0x000000000000945a                rpl_neighbor_get_lladdr
 .text.rpl_neighbor_get_ipaddr
                0x0000000000009466        0xa build/sky/obj/rpl-neighbor.o
                0x0000000000009466                rpl_neighbor_get_ipaddr
 .text.rpl_neighbor_get_link_stats
                0x0000000000009470        0xa build/sky/obj/rpl-neighbor.o
                0x0000000000009470                rpl_neighbor_get_link_stats
 .text.rpl_neighbor_is_fresh
                0x000000000000947a        0xa build/sky/obj/rpl-neighbor.o
                0x000000000000947a                rpl_neighbor_is_fresh
 .text.best_parent
                0x0000000000009484       0xb4 build/sky/obj/rpl-neighbor.o
 .text.rpl_neighbor_set_preferred_parent
                0x0000000000009538       0x48 build/sky/obj/rpl-neighbor.o
                0x0000000000009538                rpl_neighbor_set_preferred_parent
 .text.rpl_neighbor_remove_all
                0x0000000000009580       0x30 build/sky/obj/rpl-neighbor.o
                0x0000000000009580                rpl_neighbor_remove_all
 .text.rpl_neighbor_get_from_ipaddr
                0x00000000000095b0       0x14 build/sky/obj/rpl-neighbor.o
                0x00000000000095b0                rpl_neighbor_get_from_ipaddr
 .text.rpl_neighbor_select_best
                0x00000000000095c4       0x54 build/sky/obj/rpl-neighbor.o
                0x00000000000095c4                rpl_neighbor_select_best
 .text.rpl_neighbor_init
                0x0000000000009618        0xe build/sky/obj/rpl-neighbor.o
                0x0000000000009618                rpl_neighbor_init
 .text.random_rand
                0x0000000000009626        0x6 build/sky/obj/rpl-timers.o
 .text.handle_state_update
                0x000000000000962c        0x6 build/sky/obj/rpl-timers.o
 .text.handle_leaving_timer
                0x0000000000009632        0xc build/sky/obj/rpl-timers.o
 .text.handle_unicast_dio_timer
                0x000000000000963e       0x12 build/sky/obj/rpl-timers.o
 .text.handle_dao_ack_timer
                0x0000000000009650       0x12 build/sky/obj/rpl-timers.o
 .text.ctimer_set.constprop.3
                0x0000000000009662        0xe build/sky/obj/rpl-timers.o
 .text.new_dio_interval
                0x0000000000009670       0x86 build/sky/obj/rpl-timers.o
 .text.handle_dio_timer
                0x00000000000096f6       0x6a build/sky/obj/rpl-timers.o
 .text.schedule_dao_retransmission
                0x0000000000009760       0x30 build/sky/obj/rpl-timers.o
 .text.send_new_dao
                0x0000000000009790       0x28 build/sky/obj/rpl-timers.o
 .text.resend_dao
                0x00000000000097b8       0x24 build/sky/obj/rpl-timers.o
 .text.rpl_timers_schedule_periodic_dis
                0x00000000000097dc       0x3c build/sky/obj/rpl-timers.o
                0x00000000000097dc                rpl_timers_schedule_periodic_dis
 .text.handle_periodic_timer
                0x0000000000009818       0x3a build/sky/obj/rpl-timers.o
 .text.handle_dis_timer
                0x0000000000009852       0x26 build/sky/obj/rpl-timers.o
 .text.rpl_timers_dio_reset
                0x0000000000009878       0x2e build/sky/obj/rpl-timers.o
                0x0000000000009878                rpl_timers_dio_reset
 .text.rpl_timers_schedule_unicast_dio
                0x00000000000098a6       0x1c build/sky/obj/rpl-timers.o
                0x00000000000098a6                rpl_timers_schedule_unicast_dio
 .text.rpl_timers_schedule_dao
                0x00000000000098c2       0x38 build/sky/obj/rpl-timers.o
                0x00000000000098c2                rpl_timers_schedule_dao
 .text.rpl_timers_schedule_dao_ack
                0x00000000000098fa       0x30 build/sky/obj/rpl-timers.o
                0x00000000000098fa                rpl_timers_schedule_dao_ack
 .text.rpl_timers_notify_dao_ack
                0x000000000000992a       0x7e build/sky/obj/rpl-timers.o
                0x000000000000992a                rpl_timers_notify_dao_ack
 .text.get_probing_delay
                0x00000000000099a8       0x1c build/sky/obj/rpl-timers.o
                0x00000000000099a8                get_probing_delay
 .text.get_probing_target
                0x00000000000099c4       0xee build/sky/obj/rpl-timers.o
                0x00000000000099c4                get_probing_target
 .text.rpl_schedule_probing
                0x0000000000009ab2       0x1c build/sky/obj/rpl-timers.o
                0x0000000000009ab2                rpl_schedule_probing
 .text.handle_probing_timer
                0x0000000000009ace       0x2a build/sky/obj/rpl-timers.o
 .text.rpl_schedule_probing_now
                0x0000000000009af8       0x20 build/sky/obj/rpl-timers.o
                0x0000000000009af8                rpl_schedule_probing_now
 .text.rpl_timers_unschedule_leaving
                0x0000000000009b18       0x1c build/sky/obj/rpl-timers.o
                0x0000000000009b18                rpl_timers_unschedule_leaving
 .text.rpl_timers_schedule_leaving
                0x0000000000009b34       0x26 build/sky/obj/rpl-timers.o
                0x0000000000009b34                rpl_timers_schedule_leaving
 .text.rpl_timers_init
                0x0000000000009b5a       0x18 build/sky/obj/rpl-timers.o
                0x0000000000009b5a                rpl_timers_init
 .text.rpl_timers_stop_dag_timers
                0x0000000000009b72       0x4c build/sky/obj/rpl-timers.o
                0x0000000000009b72                rpl_timers_stop_dag_timers
 .text.rpl_timers_schedule_state_update
                0x0000000000009bbe       0x18 build/sky/obj/rpl-timers.o
                0x0000000000009bbe                rpl_timers_schedule_state_update
 .text.rpl_has_joined
                0x0000000000009bd6       0x12 build/sky/obj/rpl.o
                0x0000000000009bd6                rpl_has_joined
 .text.rpl_is_reachable
                0x0000000000009be8       0x12 build/sky/obj/rpl.o
                0x0000000000009be8                rpl_is_reachable
 .text.neighbor_state_changed
                0x0000000000009bfa        0x2 build/sky/obj/rpl.o
 .text.drop_route
                0x0000000000009bfc        0x2 build/sky/obj/rpl.o
 .text.rpl_get_leaf_only
                0x0000000000009bfe        0x6 build/sky/obj/rpl.o
                0x0000000000009bfe                rpl_get_leaf_only
 .text.get_sr_node_ipaddr
                0x0000000000009c04       0x34 build/sky/obj/rpl.o
 .text.init     0x0000000000009c38       0x42 build/sky/obj/rpl.o
 .text.set_ip_from_prefix
                0x0000000000009c7a       0x38 build/sky/obj/rpl.o
 .text.rpl_link_callback
                0x0000000000009cb2       0x1e build/sky/obj/rpl.o
                0x0000000000009cb2                rpl_link_callback
 .text.rpl_lollipop_greater_than
                0x0000000000009cd0       0x40 build/sky/obj/rpl.o
                0x0000000000009cd0                rpl_lollipop_greater_than
 .text.rpl_get_global_address
                0x0000000000009d10       0xbe build/sky/obj/rpl.o
                0x0000000000009d10                rpl_get_global_address
 .text.rpl_reset_prefix
                0x0000000000009dce       0x24 build/sky/obj/rpl.o
                0x0000000000009dce                rpl_reset_prefix
 .text.rpl_set_prefix_from_addr
                0x0000000000009df2       0x92 build/sky/obj/rpl.o
                0x0000000000009df2                rpl_set_prefix_from_addr
 .text.timera0  0x0000000000009e84       0x2c build/sky/obj/rtimer-arch.o
                0x0000000000009e84                __isr_6
                0x0000000000009e84                timera0
 .text.rtimer_arch_init
                0x0000000000009eb0        0xe build/sky/obj/rtimer-arch.o
                0x0000000000009eb0                rtimer_arch_init
 .text.rtimer_arch_now
                0x0000000000009ebe        0xe build/sky/obj/rtimer-arch.o
                0x0000000000009ebe                rtimer_arch_now
 .text.rtimer_run_next
                0x0000000000009ecc       0x18 build/sky/obj/rtimer.o
                0x0000000000009ecc                rtimer_run_next
 .text.process_thread_sensors_process
                0x0000000000009ee4       0xc2 build/sky/obj/sensors.o
 .text.sensors_changed
                0x0000000000009fa6       0x2a build/sky/obj/sensors.o
                0x0000000000009fa6                sensors_changed
 .text.rand     0x0000000000009fd0       0x66 build/sky/obj/sfc16-prng.o
 .text.seed     0x000000000000a036       0x22 build/sky/obj/sfc16-prng.o
 .text.clear_fragments
                0x000000000000a058       0x40 build/sky/obj/sicslowpan.o
 .text.addr_context_lookup_by_number
                0x000000000000a098       0x16 build/sky/obj/sicslowpan.o
 .text.sicslowpan_init
                0x000000000000a0ae       0x18 build/sky/obj/sicslowpan.o
                0x000000000000a0ae                sicslowpan_init
 .text.set_packet_attrs
                0x000000000000a0c6       0x66 build/sky/obj/sicslowpan.o
 .text.compress_addr_64
                0x000000000000a12c       0xae build/sky/obj/sicslowpan.o
 .text.addr_context_lookup_by_prefix
                0x000000000000a1da       0x20 build/sky/obj/sicslowpan.o
 .text.send_packet
                0x000000000000a1fa       0x10 build/sky/obj/sicslowpan.o
 .text.fragment_copy_payload_and_send
                0x000000000000a20a       0x58 build/sky/obj/sicslowpan.o
 .text.packet_sent
                0x000000000000a262       0x56 build/sky/obj/sicslowpan.o
 .text.store_fragment
                0x000000000000a2b8       0xb8 build/sky/obj/sicslowpan.o
 .text.add_fragment
                0x000000000000a370      0x1fc build/sky/obj/sicslowpan.o
 .text.uncompress_addr
                0x000000000000a56c       0xce build/sky/obj/sicslowpan.o
 .text.output   0x000000000000a63a      0x79a build/sky/obj/sicslowpan.o
 .text.input    0x000000000000add4      0xa1a build/sky/obj/sicslowpan.o
 .text.process_thread_simple_udp_process
                0x000000000000b7ee       0xb8 build/sky/obj/simple-udp.o
 .text.simple_udp_sendto
                0x000000000000b8a6       0x2c build/sky/obj/simple-udp.o
                0x000000000000b8a6                simple_udp_sendto
 .text.simple_udp_register
                0x000000000000b8d2       0x9a build/sky/obj/simple-udp.o
                0x000000000000b8d2                simple_udp_register
 .text.spi_init
                0x000000000000b96c       0x30 build/sky/obj/spi-legacy.o
                0x000000000000b96c                spi_init
 .text.stack_check_init
                0x000000000000b99c       0x2e build/sky/obj/stack-check.o
                0x000000000000b99c                stack_check_init
 .text.stack_check_get_usage
                0x000000000000b9ca       0x46 build/sky/obj/stack-check.o
                0x000000000000b9ca                stack_check_get_usage
 .text.process_thread_stack_check_process
                0x000000000000ba10       0x90 build/sky/obj/stack-check.o
 .text.stimer_expired
                0x000000000000baa0       0x30 build/sky/obj/stimer.o
                0x000000000000baa0                stimer_expired
 .text.tcpip_output
                0x000000000000bad0       0x22 build/sky/obj/tcpip.o
                0x000000000000bad0                tcpip_output
 .text.udp_new  0x000000000000baf2       0x1a build/sky/obj/tcpip.o
                0x000000000000baf2                udp_new
 .text.tcpip_input
                0x000000000000bb0c       0x1e build/sky/obj/tcpip.o
                0x000000000000bb0c                tcpip_input
 .text.tcpip_ipv6_output
                0x000000000000bb2a      0x114 build/sky/obj/tcpip.o
                0x000000000000bb2a                tcpip_ipv6_output
 .text.packet_input.part.3
                0x000000000000bc3e       0x12 build/sky/obj/tcpip.o
 .text.process_thread_tcpip_process
                0x000000000000bc50       0xb6 build/sky/obj/tcpip.o
 .text.tcpip_uipcall
                0x000000000000bd06       0x2a build/sky/obj/tcpip.o
                0x000000000000bd06                tcpip_uipcall
 .text.timer_set
                0x000000000000bd30       0x1c build/sky/obj/timer.o
                0x000000000000bd30                timer_set
 .text.timer_expired
                0x000000000000bd4c       0x2a build/sky/obj/timer.o
                0x000000000000bd4c                timer_expired
 .text.timer_reset
                0x000000000000bd76       0x1c build/sky/obj/timer.o
                0x000000000000bd76                timer_reset
 .text.putchar  0x000000000000bd92       0x10 build/sky/obj/uart-putchar.o
                0x000000000000bd92                putchar
 .text.uart1_active
                0x000000000000bda2       0x18 build/sky/obj/uart1.o
                0x000000000000bda2                uart1_active
 .text.uart1_writeb
                0x000000000000bdba       0x18 build/sky/obj/uart1.o
                0x000000000000bdba                uart1_writeb
 .text.uart1_init
                0x000000000000bdd2       0xf4 build/sky/obj/uart1.o
                0x000000000000bdd2                uart1_init
 .text.uip_ds6_nbr_rm
                0x000000000000bec6       0x1e build/sky/obj/uip-ds6-nbr.o
                0x000000000000bec6                uip_ds6_nbr_rm
 .text.uip_ds6_neighbors_init
                0x000000000000bee4       0x12 build/sky/obj/uip-ds6-nbr.o
                0x000000000000bee4                uip_ds6_neighbors_init
 .text.uip_ds6_nbr_add
                0x000000000000bef6       0x3e build/sky/obj/uip-ds6-nbr.o
                0x000000000000bef6                uip_ds6_nbr_add
 .text.uip_ds6_nbr_get_ll
                0x000000000000bf34        0xc build/sky/obj/uip-ds6-nbr.o
                0x000000000000bf34                uip_ds6_nbr_get_ll
 .text.uip_ds6_nbr_head
                0x000000000000bf40        0xa build/sky/obj/uip-ds6-nbr.o
                0x000000000000bf40                uip_ds6_nbr_head
 .text.uip_ds6_nbr_next
                0x000000000000bf4a        0xc build/sky/obj/uip-ds6-nbr.o
                0x000000000000bf4a                uip_ds6_nbr_next
 .text.uip_ds6_nbr_lookup
                0x000000000000bf56       0x3a build/sky/obj/uip-ds6-nbr.o
                0x000000000000bf56                uip_ds6_nbr_lookup
 .text.uip_ds6_nbr_ll_lookup
                0x000000000000bf90        0xc build/sky/obj/uip-ds6-nbr.o
                0x000000000000bf90                uip_ds6_nbr_ll_lookup
 .text.uip_ds6_nbr_update_ll
                0x000000000000bf9c       0x76 build/sky/obj/uip-ds6-nbr.o
                0x000000000000bf9c                uip_ds6_nbr_update_ll
 .text.uip_ds6_nbr_ipaddr_from_lladdr
                0x000000000000c012        0x6 build/sky/obj/uip-ds6-nbr.o
                0x000000000000c012                uip_ds6_nbr_ipaddr_from_lladdr
 .text.uip_ds6_nbr_lladdr_from_ipaddr
                0x000000000000c018       0x12 build/sky/obj/uip-ds6-nbr.o
                0x000000000000c018                uip_ds6_nbr_lladdr_from_ipaddr
 .text.uip_ds6_link_callback
                0x000000000000c02a        0x2 build/sky/obj/uip-ds6-nbr.o
                0x000000000000c02a                uip_ds6_link_callback
 .text.uip_ds6_route_init
                0x000000000000c02c        0xe build/sky/obj/uip-ds6-route.o
                0x000000000000c02c                uip_ds6_route_init
 .text.uip_ds6_route_nexthop
                0x000000000000c03a        0x4 build/sky/obj/uip-ds6-route.o
                0x000000000000c03a                uip_ds6_route_nexthop
 .text.uip_ds6_route_lookup
                0x000000000000c03e        0x4 build/sky/obj/uip-ds6-route.o
                0x000000000000c03e                uip_ds6_route_lookup
 .text.uip_ds6_route_rm
                0x000000000000c042        0x2 build/sky/obj/uip-ds6-route.o
                0x000000000000c042                uip_ds6_route_rm
 .text.uip_ds6_defrt_rm
                0x000000000000c044       0x2c build/sky/obj/uip-ds6-route.o
                0x000000000000c044                uip_ds6_defrt_rm
 .text.uip_ds6_defrt_lookup
                0x000000000000c070       0x34 build/sky/obj/uip-ds6-route.o
                0x000000000000c070                uip_ds6_defrt_lookup
 .text.uip_ds6_defrt_add
                0x000000000000c0a4       0x78 build/sky/obj/uip-ds6-route.o
                0x000000000000c0a4                uip_ds6_defrt_add
 .text.uip_ds6_defrt_choose
                0x000000000000c11c       0x2e build/sky/obj/uip-ds6-route.o
                0x000000000000c11c                uip_ds6_defrt_choose
 .text.uip_ds6_defrt_periodic
                0x000000000000c14a       0x2e build/sky/obj/uip-ds6-route.o
                0x000000000000c14a                uip_ds6_defrt_periodic
 .text.uip_ds6_default_prefix
                0x000000000000c178        0x6 build/sky/obj/uip-ds6.o
                0x000000000000c178                uip_ds6_default_prefix
 .text.uip_ds6_list_loop
                0x000000000000c17e       0x90 build/sky/obj/uip-ds6.o
                0x000000000000c17e                uip_ds6_list_loop
 .text.uip_ds6_prefix_add
                0x000000000000c20e       0x76 build/sky/obj/uip-ds6.o
                0x000000000000c20e                uip_ds6_prefix_add
 .text.uip_ds6_is_addr_onlink
                0x000000000000c284       0x52 build/sky/obj/uip-ds6.o
                0x000000000000c284                uip_ds6_is_addr_onlink
 .text.uip_ds6_addr_lookup
                0x000000000000c2d6       0x2a build/sky/obj/uip-ds6.o
                0x000000000000c2d6                uip_ds6_addr_lookup
 .text.uip_ds6_get_link_local
                0x000000000000c300       0x3e build/sky/obj/uip-ds6.o
                0x000000000000c300                uip_ds6_get_link_local
 .text.uip_ds6_maddr_add
                0x000000000000c33e       0x42 build/sky/obj/uip-ds6.o
                0x000000000000c33e                uip_ds6_maddr_add
 .text.uip_ds6_addr_add
                0x000000000000c380       0xc6 build/sky/obj/uip-ds6.o
                0x000000000000c380                uip_ds6_addr_add
 .text.uip_ds6_maddr_rm
                0x000000000000c446        0xa build/sky/obj/uip-ds6.o
                0x000000000000c446                uip_ds6_maddr_rm
 .text.uip_ds6_maddr_lookup
                0x000000000000c450       0x2a build/sky/obj/uip-ds6.o
                0x000000000000c450                uip_ds6_maddr_lookup
 .text.uip_ds6_addr_rm
                0x000000000000c47a       0x54 build/sky/obj/uip-ds6.o
                0x000000000000c47a                uip_ds6_addr_rm
 .text.uip_ds6_periodic
                0x000000000000c4ce       0x46 build/sky/obj/uip-ds6.o
                0x000000000000c4ce                uip_ds6_periodic
 .text.uip_ds6_set_addr_iid
                0x000000000000c514       0x14 build/sky/obj/uip-ds6.o
                0x000000000000c514                uip_ds6_set_addr_iid
 .text.uip_ds6_set_lladdr_from_iid
                0x000000000000c528       0x14 build/sky/obj/uip-ds6.o
                0x000000000000c528                uip_ds6_set_lladdr_from_iid
 .text.get_match_length
                0x000000000000c53c       0x44 build/sky/obj/uip-ds6.o
                0x000000000000c53c                get_match_length
 .text.uip_ds6_select_src
                0x000000000000c580       0xa6 build/sky/obj/uip-ds6.o
                0x000000000000c580                uip_ds6_select_src
 .text.uip_ds6_compute_reachable_time
                0x000000000000c626       0x3e build/sky/obj/uip-ds6.o
                0x000000000000c626                uip_ds6_compute_reachable_time
 .text.uip_ds6_init
                0x000000000000c664      0x164 build/sky/obj/uip-ds6.o
                0x000000000000c664                uip_ds6_init
 .text.echo_reply_input
                0x000000000000c7c8       0x5e build/sky/obj/uip-icmp6.o
 .text.echo_request_input
                0x000000000000c826       0x86 build/sky/obj/uip-icmp6.o
 .text.uip_icmp6_input
                0x000000000000c8ac       0x34 build/sky/obj/uip-icmp6.o
                0x000000000000c8ac                uip_icmp6_input
 .text.uip_icmp6_register_input_handler
                0x000000000000c8e0        0xc build/sky/obj/uip-icmp6.o
                0x000000000000c8e0                uip_icmp6_register_input_handler
 .text.uip_icmp6_error_output
                0x000000000000c8ec      0x146 build/sky/obj/uip-icmp6.o
                0x000000000000c8ec                uip_icmp6_error_output
 .text.uip_icmp6_send
                0x000000000000ca32       0x8e build/sky/obj/uip-icmp6.o
                0x000000000000ca32                uip_icmp6_send
 .text.uip_icmp6_init
                0x000000000000cac0       0x12 build/sky/obj/uip-icmp6.o
                0x000000000000cac0                uip_icmp6_init
 .text.ns_input
                0x000000000000cad2      0x2a8 build/sky/obj/uip-nd6.o
 .text.uip_nd6_init
                0x000000000000cd7a        0xa build/sky/obj/uip-nd6.o
                0x000000000000cd7a                uip_nd6_init
 .text.node_matches_address.part.0
                0x000000000000cd84       0x2e build/sky/obj/uip-sr.o
 .text.uip_sr_get_node
                0x000000000000cdb2       0x3a build/sky/obj/uip-sr.o
                0x000000000000cdb2                uip_sr_get_node
 .text.uip_sr_is_addr_reachable
                0x000000000000cdec       0x4e build/sky/obj/uip-sr.o
                0x000000000000cdec                uip_sr_is_addr_reachable
 .text.uip_sr_expire_parent
                0x000000000000ce3a       0x50 build/sky/obj/uip-sr.o
                0x000000000000ce3a                uip_sr_expire_parent
 .text.uip_sr_update_node
                0x000000000000ce8a       0xbc build/sky/obj/uip-sr.o
                0x000000000000ce8a                uip_sr_update_node
 .text.uip_sr_init
                0x000000000000cf46       0x12 build/sky/obj/uip-sr.o
                0x000000000000cf46                uip_sr_init
 .text.uip_sr_periodic
                0x000000000000cf58       0x8c build/sky/obj/uip-sr.o
                0x000000000000cf58                uip_sr_periodic
 .text.uip_sr_free_all
                0x000000000000cfe4       0x30 build/sky/obj/uip-sr.o
                0x000000000000cfe4                uip_sr_free_all
 .text.uip_udp_packet_send
                0x000000000000d014       0x2a build/sky/obj/uip-udp-packet.o
                0x000000000000d014                uip_udp_packet_send
 .text.uip_udp_packet_sendto
                0x000000000000d03e       0x66 build/sky/obj/uip-udp-packet.o
                0x000000000000d03e                uip_udp_packet_sendto
 .text.chksum   0x000000000000d0a4       0x32 build/sky/obj/uip6.o
 .text.upper_layer_chksum
                0x000000000000d0d6       0x58 build/sky/obj/uip6.o
 .text.ext_hdr_options_process
                0x000000000000d12e       0xa4 build/sky/obj/uip6.o
 .text.uip_check_mtu
                0x000000000000d1d2       0x1e build/sky/obj/uip6.o
 .text.uip_update_ttl
                0x000000000000d1f0       0x24 build/sky/obj/uip6.o
 .text.uip_icmp6chksum
                0x000000000000d214        0xa build/sky/obj/uip6.o
                0x000000000000d214                uip_icmp6chksum
 .text.uip_udpchksum
                0x000000000000d21e        0xa build/sky/obj/uip6.o
                0x000000000000d21e                uip_udpchksum
 .text.uip_init
                0x000000000000d228       0x3c build/sky/obj/uip6.o
                0x000000000000d228                uip_init
 .text.uip_remove_ext_hdr
                0x000000000000d264       0x5e build/sky/obj/uip6.o
                0x000000000000d264                uip_remove_ext_hdr
 .text.uip_udp_new
                0x000000000000d2c2       0xac build/sky/obj/uip6.o
                0x000000000000d2c2                uip_udp_new
 .text.uip_process
                0x000000000000d36e      0x560 build/sky/obj/uip6.o
                0x000000000000d36e                uip_process
 .text.uip_htonl
                0x000000000000d8ce       0x2e build/sky/obj/uip6.o
                0x000000000000d8ce                uip_htonl
 .text.uipbuf_add_ext_hdr
                0x000000000000d8fc       0x1c build/sky/obj/uipbuf.o
                0x000000000000d8fc                uipbuf_add_ext_hdr
 .text.uipbuf_set_len
                0x000000000000d918       0x12 build/sky/obj/uipbuf.o
                0x000000000000d918                uipbuf_set_len
 .text.uipbuf_set_len_field
                0x000000000000d92a        0xe build/sky/obj/uipbuf.o
                0x000000000000d92a                uipbuf_set_len_field
 .text.uipbuf_get_len_field
                0x000000000000d938        0xe build/sky/obj/uipbuf.o
                0x000000000000d938                uipbuf_get_len_field
 .text.uipbuf_get_next_header
                0x000000000000d946       0x68 build/sky/obj/uipbuf.o
                0x000000000000d946                uipbuf_get_next_header
 .text.uipbuf_get_last_header
                0x000000000000d9ae       0x3e build/sky/obj/uipbuf.o
                0x000000000000d9ae                uipbuf_get_last_header
 .text.uipbuf_search_header
                0x000000000000d9ec       0x4e build/sky/obj/uipbuf.o
                0x000000000000d9ec                uipbuf_search_header
 .text.uipbuf_get_attr
                0x000000000000da3a       0x12 build/sky/obj/uipbuf.o
                0x000000000000da3a                uipbuf_get_attr
 .text.uipbuf_set_attr
                0x000000000000da4c       0x14 build/sky/obj/uipbuf.o
                0x000000000000da4c                uipbuf_set_attr
 .text.uipbuf_clear_attr
                0x000000000000da60       0x12 build/sky/obj/uipbuf.o
                0x000000000000da60                uipbuf_clear_attr
 .text.uipbuf_clear
                0x000000000000da72       0x12 build/sky/obj/uipbuf.o
                0x000000000000da72                uipbuf_clear
 .text.uipbuf_init
                0x000000000000da84       0x1a build/sky/obj/uipbuf.o
                0x000000000000da84                uipbuf_init
 .text.uiplib_ipaddr_snprint
                0x000000000000da9e      0x154 build/sky/obj/uiplib.o
                0x000000000000da9e                uiplib_ipaddr_snprint
 .text.watchdog_interrupt
                0x000000000000dbf2        0x6 build/sky/obj/watchdog.o
                0x000000000000dbf2                __isr_10
                0x000000000000dbf2                watchdog_interrupt
 .text.watchdog_start
                0x000000000000dbf8       0x14 build/sky/obj/watchdog.o
                0x000000000000dbf8                watchdog_start
 .text.watchdog_periodic
                0x000000000000dc0c       0x12 build/sky/obj/watchdog.o
                0x000000000000dc0c                watchdog_periodic
 .text.watchdog_stop
                0x000000000000dc1e       0x16 build/sky/obj/watchdog.o
                0x000000000000dc1e                watchdog_stop
 .text.watchdog_init
                0x000000000000dc34       0x12 build/sky/obj/watchdog.o
                0x000000000000dc34                watchdog_init
 .text.xmem_init
                0x000000000000dc46       0x3c build/sky/obj/xmem.o
                0x000000000000dc46                xmem_init
 .text          0x000000000000dc82      0x31e /usr/local/bin/../lib/gcc/msp430/4.7.4/mmpy-16/libgcc.a(_addsub_sf.o)
                0x000000000000df04                __addsf3
                0x000000000000df50                __subsf3
 .text          0x000000000000dfa0      0x210 /usr/local/bin/../lib/gcc/msp430/4.7.4/mmpy-16/libgcc.a(_mul_sf.o)
                0x000000000000dfa0                __mulsf3
 .text          0x000000000000e1b0       0x4e /usr/local/bin/../lib/gcc/msp430/4.7.4/mmpy-16/libgcc.a(_gt_sf.o)
                0x000000000000e1b0                __gtsf2
 .text          0x000000000000e1fe       0xa8 /usr/local/bin/../lib/gcc/msp430/4.7.4/mmpy-16/libgcc.a(_si_to_sf.o)
                0x000000000000e1fe                __floatsisf
 .text          0x000000000000e2a6       0x72 /usr/local/bin/../lib/gcc/msp430/4.7.4/mmpy-16/libgcc.a(_clzsi2.o)
                0x000000000000e2a6                __clzsi2
 .text          0x000000000000e318      0x1da /usr/local/bin/../lib/gcc/msp430/4.7.4/mmpy-16/libgcc.a(_pack_sf.o)
                0x000000000000e318                __pack_f
 .text          0x000000000000e4f2      0x13c /usr/local/bin/../lib/gcc/msp430/4.7.4/mmpy-16/libgcc.a(_unpack_sf.o)
                0x000000000000e4f2                __unpack_f
 .text          0x000000000000e62e       0xa4 /usr/local/bin/../lib/gcc/msp430/4.7.4/mmpy-16/libgcc.a(_fpcmp_parts_sf.o)
                0x000000000000e62e                __fpcmp_parts_f
 .text.atoi     0x000000000000e6d2       0x8a /usr/local/bin/../lib/gcc/msp430/4.7.4/../../../../msp430/lib/mmpy-16/libc.a(atoi.o)
                0x000000000000e6d2                atoi
 .text.printf   0x000000000000e75c       0x10 /usr/local/bin/../lib/gcc/msp430/4.7.4/../../../../msp430/lib/mmpy-16/libc.a(printf.o)
                0x000000000000e75c                printf
 .text.append   0x000000000000e76c       0x22 /usr/local/bin/../lib/gcc/msp430/4.7.4/../../../../msp430/lib/mmpy-16/libc.a(sprintf.o)
 .text.call_vuprintf
                0x000000000000e78e       0x3a /usr/local/bin/../lib/gcc/msp430/4.7.4/../../../../msp430/lib/mmpy-16/libc.a(sprintf.o)
 .text.snprintf
                0x000000000000e7c8       0x1a /usr/local/bin/../lib/gcc/msp430/4.7.4/../../../../msp430/lib/mmpy-16/libc.a(sprintf.o)
                0x000000000000e7c8                snprintf
 .text.print_field
                0x000000000000e7e2      0x194 /usr/local/bin/../lib/gcc/msp430/4.7.4/../../../../msp430/lib/mmpy-16/libc.a(vuprintf.o)
 .text.vuprintf
                0x000000000000e976      0x63e /usr/local/bin/../lib/gcc/msp430/4.7.4/../../../../msp430/lib/mmpy-16/libc.a(vuprintf.o)
                0x000000000000e976                vuprintf
 .text.puts     0x000000000000efb4       0x2c /usr/local/bin/../lib/gcc/msp430/4.7.4/../../../../msp430/lib/mmpy-16/libc.a(puts.o)
                0x000000000000efb4                puts
 .text.strcmp   0x000000000000efe0       0x1e /usr/local/bin/../lib/gcc/msp430/4.7.4/../../../../msp430/lib/mmpy-16/libc.a(strcmp.o)
                0x000000000000efe0                strcmp
 .text.memcmp   0x000000000000effe       0x30 /usr/local/bin/../lib/gcc/msp430/4.7.4/../../../../msp430/lib/mmpy-16/libc.a(memcmp.o)
                0x000000000000effe                memcmp
 .text.memcpy   0x000000000000f02e       0xfa /usr/local/bin/../lib/gcc/msp430/4.7.4/../../../../msp430/lib/mmpy-16/libc.a(memcpy.o)
                0x000000000000f02e                memcpy
 .text.memmove  0x000000000000f128       0xfa /usr/local/bin/../lib/gcc/msp430/4.7.4/../../../../msp430/lib/mmpy-16/libc.a(memmove.o)
                0x000000000000f128                memmove
 .text.memset   0x000000000000f222       0x6a /usr/local/bin/../lib/gcc/msp430/4.7.4/../../../../msp430/lib/mmpy-16/libc.a(memset.o)
                0x000000000000f222                memset
 .text.crt0     0x000000000000f28c        0x2 /usr/local/bin/../lib/gcc/msp430/4.7.4/mmpy-16/libcrt0.a(_unexpected_.o)
                0x000000000000f28c                _unexpected_
 .text.libgcc   0x000000000000f28e       0x2c /usr/local/bin/../lib/gcc/msp430/4.7.4/mmpy-16/libgcc.a(_mulsi3.o)
                0x000000000000f28e                __mulsi3
 .text.libgcc   0x000000000000f2ba       0x22 /usr/local/bin/../lib/gcc/msp430/4.7.4/mmpy-16/libgcc.a(_udivmod16.o)
                0x000000000000f2ba                __udivhi3
                0x000000000000f2ba                __ext_udivmod16
                0x000000000000f2d4                __umodhi3
 .text.libgcc   0x000000000000f2dc       0x3a /usr/local/bin/../lib/gcc/msp430/4.7.4/mmpy-16/libgcc.a(_divmod16.o)
                0x000000000000f2dc                __ext_divmod16
                0x000000000000f2dc                __divhi3
                0x000000000000f30e                __modhi3
 .text.libgcc   0x000000000000f316       0x40 /usr/local/bin/../lib/gcc/msp430/4.7.4/mmpy-16/libgcc.a(_udivmod32.o)
                0x000000000000f316                __udivsi3
                0x000000000000f316                __ext_udivmod32
                0x000000000000f34c                __umodsi3
 .text.libgcc   0x000000000000f356       0x4c /usr/local/bin/../lib/gcc/msp430/4.7.4/mmpy-16/libgcc.a(_divmod32.o)
                0x000000000000f356                __ext_divmod32
                0x000000000000f356                __divsi3
                0x000000000000f398                __modsi3
 .text.libgcc   0x000000000000f3a2       0xf0 /usr/local/bin/../lib/gcc/msp430/4.7.4/mmpy-16/libgcc.a(_udivmod64.o)
                0x000000000000f3a2                __xabi_udivmod64
                0x000000000000f400                __udivdi3
                0x000000000000f426                __umoddi3
                0x000000000000f454                __udivmoddi4
 *(SORT(.near.text) SORT(.near.text.*))

.rodata         0x000000000000f494      0x723
                0x000000000000f494                . = ALIGN (0x2)
 *(SORT(.rodata) SORT(.rodata.*) SORT(.gnu.linkonce.r.*))
 .rodata.get_value
                0x000000000000f494       0x34 build/sky/obj/cc2420.o
 .rodata.set_value
                0x000000000000f4c8       0x10 build/sky/obj/cc2420.o
 .rodata        0x000000000000f4d8       0x10 build/sky/obj/button-sensor.o
                0x000000000000f4e0                button_sensor
 .rodata        0x000000000000f4e8       0x3e build/sky/obj/cc2420.o
                0x000000000000f4e8                cc2420_aes_128_driver
                0x000000000000f4ec                cc2420_driver
 .rodata        0x000000000000f526       0x14 build/sky/obj/csma.o
                0x000000000000f52c                csma_driver
 .rodata        0x000000000000f53a      0x168 build/sky/obj/dconcrect-client.o
                0x000000000000f68c                autostart_processes
 .rodata        0x000000000000f6a2        0x6 build/sky/obj/framer-802154.o
                0x000000000000f6a2                framer_802154
 .rodata        0x000000000000f6a8        0x8 build/sky/obj/linkaddr.o
                0x000000000000f6a8                linkaddr_null
 .rodata        0x000000000000f6b0       0xca build/sky/obj/log.o
 .rodata        0x000000000000f77a       0xe0 build/sky/obj/rpl-dag.o
 .rodata        0x000000000000f85a       0x34 build/sky/obj/rpl.o
                0x000000000000f864                rpl_lite_driver
 .rodata        0x000000000000f88e        0x4 build/sky/obj/sfc16-prng.o
                0x000000000000f88e                sfc16_prng
 .rodata        0x000000000000f892       0x26 build/sky/obj/sicslowpan.o
                0x000000000000f89e                sicslowpan_driver
                0x000000000000f8a6                llprefix
                0x000000000000f8a8                unc_mxconf
                0x000000000000f8ac                unc_ctxconf
                0x000000000000f8b0                unc_llconf
 .rodata        0x000000000000f8b8        0x8 /usr/local/bin/../lib/gcc/msp430/4.7.4/mmpy-16/libgcc.a(_thenan_sf.o)
                0x000000000000f8b8                __thenan_sf
 .rodata        0x000000000000f8c0       0xee build/sky/obj/contiki-main.o
 .rodata        0x000000000000f9ae        0xf build/sky/obj/ctimer.o
 .rodata        0x000000000000f9bd        0xc build/sky/obj/etimer.o
 .rodata        0x000000000000f9c9        0x2 build/sky/obj/frame802154.o
 .rodata        0x000000000000f9cb       0x31 build/sky/obj/platform.o
 .rodata        0x000000000000f9fc        0xc build/sky/obj/rpl-timers.o
 .rodata        0x000000000000fa08        0x8 build/sky/obj/sensors.o
 .rodata        0x000000000000fa10       0x13 build/sky/obj/simple-udp.o
 .rodata        0x000000000000fa23       0x3e build/sky/obj/stack-check.o
 .rodata        0x000000000000fa61        0xd build/sky/obj/tcpip.o
 .rodata        0x000000000000fa6e       0x42 build/sky/obj/uiplib.o
 .rodata        0x000000000000fab0      0x100 /usr/local/bin/../lib/gcc/msp430/4.7.4/mmpy-16/libgcc.a(_clz.o)
                0x000000000000fab0                __clz_tab
 .rodata.vuprintf
                0x000000000000fbb0        0x7 /usr/local/bin/../lib/gcc/msp430/4.7.4/../../../../msp430/lib/mmpy-16/libc.a(vuprintf.o)
 *(SORT(.near.rodata) SORT(.near.rodata.*))
                0x000000000000fbb8                . = ALIGN (0x2)
                0x000000000000fbb8                _etext = .

.data           0x0000000000001100      0x160 load address 0x000000000000fbb8
                0x0000000000001100                . = ALIGN (0x2)
                0x0000000000001100                __data_start = .
 *(SORT(.data) SORT(.data.*) SORT(.gnu.linkonce.d.*))
 .data          0x0000000000001100        0xc build/sky/obj/cc2420.o
                0x0000000000001100                cc2420_process
 .data          0x000000000000110c       0x18 build/sky/obj/csma-output.o
 .data          0x0000000000001124        0xa build/sky/obj/ctimer.o
                0x0000000000001124                ctimer_process
 .data          0x000000000000112e        0xc build/sky/obj/dconcrect-client.o
                0x000000000000112e                udp_client_process
 .data          0x000000000000113a        0xa build/sky/obj/etimer.o
                0x000000000000113a                etimer_process
 .data          0x0000000000001144        0x2 build/sky/obj/frame802154.o
 .data          0x0000000000001146       0x12 build/sky/obj/ip64-addr.o
 .data          0x0000000000001158        0x8 build/sky/obj/link-stats.o
 .data          0x0000000000001160       0x5c build/sky/obj/log.o
                0x0000000000001160                all_modules
                0x00000000000011ba                curr_log_level_main
 .data          0x00000000000011bc        0x2 build/sky/obj/msp430.o
 .data          0x00000000000011be        0x8 build/sky/obj/nbr-table.o
 .data          0x00000000000011c6        0x4 build/sky/obj/platform.o
                0x00000000000011c6                sensors
 .data          0x00000000000011ca       0x10 build/sky/obj/queuebuf.o
 .data          0x00000000000011da       0x18 build/sky/obj/rpl-icmp6.o
 .data          0x00000000000011f2       0x12 build/sky/obj/rpl-mrhof.o
                0x00000000000011f2                rpl_mrhof
 .data          0x0000000000001204        0xa build/sky/obj/rpl-neighbor.o
                0x0000000000001204                rpl_neighbors
 .data          0x000000000000120e        0xa build/sky/obj/sensors.o
                0x000000000000120e                sensors_process
 .data          0x0000000000001218        0xa build/sky/obj/simple-udp.o
                0x0000000000001218                simple_udp_process
 .data          0x0000000000001222        0xa build/sky/obj/stack-check.o
                0x0000000000001222                stack_check_process
 .data          0x000000000000122c        0xa build/sky/obj/tcpip.o
                0x000000000000122c                tcpip_process
 .data          0x0000000000001236        0x8 build/sky/obj/uip-ds6-nbr.o
 .data          0x000000000000123e        0x8 build/sky/obj/uip-ds6-route.o
 .data          0x0000000000001246        0xc build/sky/obj/uip-icmp6.o
 .data          0x0000000000001252        0x6 build/sky/obj/uip-nd6.o